2026-07-23 19:36:30,819 | INFO    | stockm.optimization_runner | Optimization run | method=random n_iter=15 | cv=timeseries/3 | bayesian_available=True
2026-07-23 19:36:30,820 | INFO    | stockm.optimization.pipeline | === Optimization: RELIANCE.NS | method=random | n_iter=15 | cv=timeseries/3 ===
2026-07-23 19:36:36,900 | INFO    | stockm.optimization.saver | saved optimized RELIANCE.NS / ridge
2026-07-23 19:36:38,969 | INFO    | stockm.optimization.tracker | logged experiment RELIANCE_NS_ridge_random_efa1bcc880
2026-07-23 19:36:39,808 | INFO    | stockm.optimization.saver | saved optimized RELIANCE.NS / decision_tree
2026-07-23 19:36:40,746 | INFO    | stockm.optimization.tracker | logged experiment RELIANCE_NS_decision_tree_random_3c0b9c9b6f
2026-07-23 19:36:59,683 | INFO    | stockm.optimization.saver | saved optimized RELIANCE.NS / random_forest
2026-07-23 19:37:18,011 | INFO    | stockm.optimization.tracker | logged experiment RELIANCE_NS_random_forest_random_59488f1d61
2026-07-23 19:37:28,475 | INFO    | stockm.optimization.saver | saved optimized RELIANCE.NS / gradient_boosting
2026-07-23 19:37:31,441 | INFO    | stockm.optimization.tracker | logged experiment RELIANCE_NS_gradient_boosting_random_b82b76b592
2026-07-23 19:37:31,503 | INFO    | stockm.optimization.pipeline | RELIANCE.NS done | best_tuned=gradient_boosting cv_rmse=0.018229 | baseline=random_forest val_rmse=0.018021 | deploy=baseline | dir_acc=0.5159 | stable=False
2026-07-23 19:37:31,503 | INFO    | stockm.optimization_runner |   RELIANCE.NS      best_tuned=gradient_boosting  cv_rmse=0.018229 deploy=baseline dir_acc=0.5159 stable=False
2026-07-23 19:37:31,505 | INFO    | stockm.optimization_runner | 
=== Global optimization leaderboard (by CV RMSE) ===
2026-07-23 19:37:31,505 | INFO    | stockm.optimization_runner |    1. RELIANCE.NS      best=gradient_boosting  cv_rmse=0.018229 deploy=baseline dir_acc=0.5159
2026-07-23 19:37:31,505 | INFO    | stockm.optimization_runner | 
Done. 1/1 succeeded | 0 failure(s).
2026-07-23 19:41:33,312 | INFO    | stockm.optimization_runner | Optimization run | method=random n_iter=15 | cv=timeseries/3 | bayesian_available=True
2026-07-23 19:41:33,312 | INFO    | stockm.optimization.pipeline | === Optimization: RELIANCE.NS | method=random | n_iter=15 | cv=timeseries/3 ===
2026-07-23 19:41:39,670 | INFO    | stockm.optimization.saver | saved optimized RELIANCE.NS / ridge
2026-07-23 19:41:41,054 | INFO    | stockm.optimization.tracker | logged experiment RELIANCE_NS_ridge_random_efa1bcc880
2026-07-23 19:41:41,784 | INFO    | stockm.optimization.saver | saved optimized RELIANCE.NS / decision_tree
2026-07-23 19:41:42,766 | INFO    | stockm.optimization.tracker | logged experiment RELIANCE_NS_decision_tree_random_b9f336d6d3
2026-07-23 19:42:01,892 | INFO    | stockm.optimization.saver | saved optimized RELIANCE.NS / random_forest
2026-07-23 19:42:20,454 | INFO    | stockm.optimization.tracker | logged experiment RELIANCE_NS_random_forest_random_cb6e1eb025
2026-07-23 19:42:29,407 | INFO    | stockm.optimization.saver | saved optimized RELIANCE.NS / gradient_boosting
2026-07-23 19:42:32,385 | INFO    | stockm.optimization.tracker | logged experiment RELIANCE_NS_gradient_boosting_random_b82b76b592
2026-07-23 19:42:32,450 | INFO    | stockm.optimization.pipeline | RELIANCE.NS done | best_tuned=gradient_boosting cv_rmse=0.018229 | baseline=random_forest val_rmse=0.018021 | deploy=optimized | dir_acc=0.5159 | stable=False
2026-07-23 19:42:32,451 | INFO    | stockm.optimization_runner |   RELIANCE.NS      best_tuned=gradient_boosting  cv_rmse=0.018229 deploy=optimized dir_acc=0.5159 stable=False
2026-07-23 19:42:32,452 | INFO    | stockm.optimization_runner | 
=== Global optimization leaderboard (by CV RMSE) ===
2026-07-23 19:42:32,452 | INFO    | stockm.optimization_runner |    1. RELIANCE.NS      best=gradient_boosting  cv_rmse=0.018229 deploy=optimized dir_acc=0.5159
2026-07-23 19:42:32,452 | INFO    | stockm.optimization_runner | 
Done. 1/1 succeeded | 0 failure(s).
2026-07-23 19:43:37,714 | INFO    | stockm.optimization_runner | Optimization run | method=random n_iter=15 | cv=timeseries/3 | bayesian_available=True
2026-07-23 19:43:37,714 | INFO    | stockm.optimization_runner | Using default subset ['RELIANCE.NS', 'TCS.NS', 'INFY.NS', 'HDFCBANK.NS', 'ITC.NS'] (pass --all for every ticker).
2026-07-23 19:43:37,714 | INFO    | stockm.optimization.pipeline | === Optimization: RELIANCE.NS | method=random | n_iter=15 | cv=timeseries/3 ===
2026-07-23 19:43:43,960 | INFO    | stockm.optimization.saver | saved optimized RELIANCE.NS / ridge
2026-07-23 19:43:45,197 | INFO    | stockm.optimization.tracker | logged experiment RELIANCE_NS_ridge_random_efa1bcc880
2026-07-23 19:43:45,946 | INFO    | stockm.optimization.saver | saved optimized RELIANCE.NS / decision_tree
2026-07-23 19:43:46,982 | INFO    | stockm.optimization.tracker | logged experiment RELIANCE_NS_decision_tree_random_7be5df209c
2026-07-23 19:44:05,710 | INFO    | stockm.optimization.saver | saved optimized RELIANCE.NS / random_forest
2026-07-23 19:44:23,618 | INFO    | stockm.optimization.tracker | logged experiment RELIANCE_NS_random_forest_random_cb6e1eb025
2026-07-23 19:44:32,309 | INFO    | stockm.optimization.saver | saved optimized RELIANCE.NS / gradient_boosting
2026-07-23 19:44:35,297 | INFO    | stockm.optimization.tracker | logged experiment RELIANCE_NS_gradient_boosting_random_b82b76b592
2026-07-23 19:44:35,356 | INFO    | stockm.optimization.pipeline | RELIANCE.NS done | best_tuned=gradient_boosting cv_rmse=0.018229 | baseline=random_forest val_rmse=0.018021 | deploy=optimized | dir_acc=0.5159 | stable=False
2026-07-23 19:44:35,356 | INFO    | stockm.optimization_runner |   RELIANCE.NS      best_tuned=gradient_boosting  cv_rmse=0.018229 deploy=optimized dir_acc=0.5159 stable=False
2026-07-23 19:44:35,356 | INFO    | stockm.optimization.pipeline | === Optimization: TCS.NS | method=random | n_iter=15 | cv=timeseries/3 ===
2026-07-23 19:44:35,877 | INFO    | stockm.optimization.saver | saved optimized TCS.NS / ridge
2026-07-23 19:44:36,596 | INFO    | stockm.optimization.tracker | logged experiment TCS_NS_ridge_random_fc917f8cd8
2026-07-23 19:44:37,246 | INFO    | stockm.optimization.saver | saved optimized TCS.NS / decision_tree
2026-07-23 19:44:38,278 | INFO    | stockm.optimization.tracker | logged experiment TCS_NS_decision_tree_random_ae9dac736b
2026-07-23 19:45:01,045 | INFO    | stockm.optimization.saver | saved optimized TCS.NS / random_forest
2026-07-23 19:45:16,703 | INFO    | stockm.optimization.tracker | logged experiment TCS_NS_random_forest_random_35c76118c5
2026-07-23 19:45:22,282 | INFO    | stockm.optimization.saver | saved optimized TCS.NS / gradient_boosting
2026-07-23 19:45:24,821 | INFO    | stockm.optimization.tracker | logged experiment TCS_NS_gradient_boosting_random_67ce0168b8
2026-07-23 19:45:24,853 | INFO    | stockm.optimization.pipeline | TCS.NS done | best_tuned=gradient_boosting cv_rmse=0.016659 | baseline=linear_regression val_rmse=0.015414 | deploy=optimized | dir_acc=0.4747 | stable=False
2026-07-23 19:45:24,854 | INFO    | stockm.optimization_runner |   TCS.NS           best_tuned=gradient_boosting  cv_rmse=0.016659 deploy=optimized dir_acc=0.4747 stable=False
2026-07-23 19:45:24,854 | INFO    | stockm.optimization.pipeline | === Optimization: INFY.NS | method=random | n_iter=15 | cv=timeseries/3 ===
2026-07-23 19:45:25,374 | INFO    | stockm.optimization.saver | saved optimized INFY.NS / ridge
2026-07-23 19:45:26,053 | INFO    | stockm.optimization.tracker | logged experiment INFY_NS_ridge_random_3c4dd8d57c
2026-07-23 19:45:26,379 | INFO    | stockm.optimization.saver | saved optimized INFY.NS / decision_tree
2026-07-23 19:45:27,290 | INFO    | stockm.optimization.tracker | logged experiment INFY_NS_decision_tree_random_820c5daea1
2026-07-23 19:45:47,937 | INFO    | stockm.optimization.saver | saved optimized INFY.NS / random_forest
2026-07-23 19:46:02,792 | INFO    | stockm.optimization.tracker | logged experiment INFY_NS_random_forest_random_0da413421f
2026-07-23 19:46:09,435 | INFO    | stockm.optimization.saver | saved optimized INFY.NS / gradient_boosting
2026-07-23 19:46:12,347 | INFO    | stockm.optimization.tracker | logged experiment INFY_NS_gradient_boosting_random_e33f2b09fb
2026-07-23 19:46:12,383 | INFO    | stockm.optimization.pipeline | INFY.NS done | best_tuned=gradient_boosting cv_rmse=0.017799 | baseline=linear_regression val_rmse=0.017870 | deploy=optimized | dir_acc=0.5046 | stable=False
2026-07-23 19:46:12,385 | INFO    | stockm.optimization_runner |   INFY.NS          best_tuned=gradient_boosting  cv_rmse=0.017799 deploy=optimized dir_acc=0.5046 stable=False
2026-07-23 19:46:12,385 | INFO    | stockm.optimization.pipeline | === Optimization: HDFCBANK.NS | method=random | n_iter=15 | cv=timeseries/3 ===
2026-07-23 19:46:13,082 | INFO    | stockm.optimization.saver | saved optimized HDFCBANK.NS / ridge
2026-07-23 19:46:13,729 | INFO    | stockm.optimization.tracker | logged experiment HDFCBANK_NS_ridge_random_42949045ed
2026-07-23 19:46:14,100 | INFO    | stockm.optimization.saver | saved optimized HDFCBANK.NS / decision_tree
2026-07-23 19:46:14,993 | INFO    | stockm.optimization.tracker | logged experiment HDFCBANK_NS_decision_tree_random_9765e668fa
2026-07-23 19:46:34,814 | INFO    | stockm.optimization.saver | saved optimized HDFCBANK.NS / random_forest
2026-07-23 19:46:48,830 | INFO    | stockm.optimization.tracker | logged experiment HDFCBANK_NS_random_forest_random_6a113c8be3
2026-07-23 19:46:54,533 | INFO    | stockm.optimization.saver | saved optimized HDFCBANK.NS / gradient_boosting
2026-07-23 19:46:56,980 | INFO    | stockm.optimization.tracker | logged experiment HDFCBANK_NS_gradient_boosting_random_c74675e6b5
2026-07-23 19:46:57,115 | INFO    | stockm.optimization.pipeline | HDFCBANK.NS done | best_tuned=random_forest cv_rmse=0.014441 | baseline=random_forest val_rmse=0.017317 | deploy=optimized | dir_acc=0.5007 | stable=False
2026-07-23 19:46:57,115 | INFO    | stockm.optimization_runner |   HDFCBANK.NS      best_tuned=random_forest      cv_rmse=0.014441 deploy=optimized dir_acc=0.5007 stable=False
2026-07-23 19:46:57,116 | INFO    | stockm.optimization.pipeline | === Optimization: ITC.NS | method=random | n_iter=15 | cv=timeseries/3 ===
2026-07-23 19:46:57,631 | INFO    | stockm.optimization.saver | saved optimized ITC.NS / ridge
2026-07-23 19:46:58,292 | INFO    | stockm.optimization.tracker | logged experiment ITC_NS_ridge_random_762cc870c2
2026-07-23 19:46:58,659 | INFO    | stockm.optimization.saver | saved optimized ITC.NS / decision_tree
2026-07-23 19:46:59,625 | INFO    | stockm.optimization.tracker | logged experiment ITC_NS_decision_tree_random_2bec8e3822
2026-07-23 19:47:18,963 | INFO    | stockm.optimization.saver | saved optimized ITC.NS / random_forest
2026-07-23 19:47:33,075 | INFO    | stockm.optimization.tracker | logged experiment ITC_NS_random_forest_random_b552ebe2d6
2026-07-23 19:47:38,526 | INFO    | stockm.optimization.saver | saved optimized ITC.NS / gradient_boosting
2026-07-23 19:47:41,070 | INFO    | stockm.optimization.tracker | logged experiment ITC_NS_gradient_boosting_random_1d6c292a79
2026-07-23 19:47:41,100 | INFO    | stockm.optimization.pipeline | ITC.NS done | best_tuned=gradient_boosting cv_rmse=0.016356 | baseline=linear_regression val_rmse=0.015777 | deploy=optimized | dir_acc=0.4901 | stable=False
2026-07-23 19:47:41,101 | INFO    | stockm.optimization_runner |   ITC.NS           best_tuned=gradient_boosting  cv_rmse=0.016356 deploy=optimized dir_acc=0.4901 stable=False
2026-07-23 19:47:41,102 | INFO    | stockm.optimization_runner | 
=== Global optimization leaderboard (by CV RMSE) ===
2026-07-23 19:47:41,102 | INFO    | stockm.optimization_runner |    1. HDFCBANK.NS      best=random_forest      cv_rmse=0.014441 deploy=optimized dir_acc=0.5007
2026-07-23 19:47:41,102 | INFO    | stockm.optimization_runner |    2. ITC.NS           best=gradient_boosting  cv_rmse=0.016356 deploy=optimized dir_acc=0.4901
2026-07-23 19:47:41,102 | INFO    | stockm.optimization_runner |    3. TCS.NS           best=gradient_boosting  cv_rmse=0.016659 deploy=optimized dir_acc=0.4747
2026-07-23 19:47:41,102 | INFO    | stockm.optimization_runner |    4. INFY.NS          best=gradient_boosting  cv_rmse=0.017799 deploy=optimized dir_acc=0.5046
2026-07-23 19:47:41,103 | INFO    | stockm.optimization_runner |    5. RELIANCE.NS      best=gradient_boosting  cv_rmse=0.018229 deploy=optimized dir_acc=0.5159
2026-07-23 19:47:41,103 | INFO    | stockm.optimization_runner | 
Done. 5/5 succeeded | 0 failure(s).
2026-07-23 20:00:52,892 | INFO    | stockm.optimization_runner | Optimization run | method=random n_iter=15 | cv=timeseries/3 | bayesian_available=True
2026-07-23 20:00:52,893 | INFO    | stockm.optimization.pipeline | === Optimization: RELIANCE.NS | method=random | n_iter=15 | cv=timeseries/3 ===
2026-07-23 20:00:57,402 | INFO    | stockm.optimization.saver | saved optimized RELIANCE.NS / ridge
2026-07-23 20:00:58,636 | INFO    | stockm.optimization.tracker | logged experiment RELIANCE_NS_ridge_random_efa1bcc880
2026-07-23 20:00:59,234 | INFO    | stockm.optimization.saver | saved optimized RELIANCE.NS / decision_tree
2026-07-23 20:01:00,044 | INFO    | stockm.optimization.tracker | logged experiment RELIANCE_NS_decision_tree_random_b9f336d6d3
2026-07-23 20:01:16,299 | INFO    | stockm.optimization.saver | saved optimized RELIANCE.NS / random_forest
2026-07-23 20:01:30,722 | INFO    | stockm.optimization.tracker | logged experiment RELIANCE_NS_random_forest_random_fe1c72c975
2026-07-23 20:01:37,970 | INFO    | stockm.optimization.saver | saved optimized RELIANCE.NS / gradient_boosting
2026-07-23 20:01:40,443 | INFO    | stockm.optimization.tracker | logged experiment RELIANCE_NS_gradient_boosting_random_b82b76b592
2026-07-23 20:01:58,834 | INFO    | stockm.optimization.saver | saved optimized RELIANCE.NS / xgboost
2026-07-23 20:02:05,349 | INFO    | stockm.optimization.tracker | logged experiment RELIANCE_NS_xgboost_random_451b50580d
2026-07-23 20:02:15,215 | INFO    | stockm.optimization.saver | saved optimized RELIANCE.NS / lightgbm
2026-07-23 20:02:17,562 | INFO    | stockm.optimization.tracker | logged experiment RELIANCE_NS_lightgbm_random_3fde99c462
2026-07-23 20:02:17,635 | INFO    | stockm.optimization.pipeline | RELIANCE.NS done | best_tuned=lightgbm cv_rmse=0.018228 | baseline=random_forest val_rmse=0.018021 | deploy=optimized | dir_acc=0.4987 | stable=False
2026-07-23 20:02:17,637 | INFO    | stockm.optimization_runner |   RELIANCE.NS      best_tuned=lightgbm           cv_rmse=0.018228 deploy=optimized dir_acc=0.4987 stable=False
2026-07-23 20:02:17,638 | INFO    | stockm.optimization_runner | 
=== Global optimization leaderboard (by CV RMSE) ===
2026-07-23 20:02:17,639 | INFO    | stockm.optimization_runner |    1. RELIANCE.NS      best=lightgbm           cv_rmse=0.018228 deploy=optimized dir_acc=0.4987
2026-07-23 20:02:17,639 | INFO    | stockm.optimization_runner | 
Done. 1/1 succeeded | 0 failure(s).
2026-07-23 20:03:28,044 | INFO    | stockm.optimization_runner | Optimization run | method=random n_iter=15 | cv=timeseries/3 | bayesian_available=True
2026-07-23 20:03:28,046 | INFO    | stockm.optimization.pipeline | === Optimization: RELIANCE.NS | method=random | n_iter=15 | cv=timeseries/3 ===
2026-07-23 20:03:32,152 | INFO    | stockm.optimization.saver | saved optimized RELIANCE.NS / ridge
2026-07-23 20:03:33,163 | INFO    | stockm.optimization.tracker | logged experiment RELIANCE_NS_ridge_random_efa1bcc880
2026-07-23 20:03:33,750 | INFO    | stockm.optimization.saver | saved optimized RELIANCE.NS / decision_tree
2026-07-23 20:03:34,524 | INFO    | stockm.optimization.tracker | logged experiment RELIANCE_NS_decision_tree_random_4ed9c88598
2026-07-23 20:03:49,685 | INFO    | stockm.optimization.saver | saved optimized RELIANCE.NS / random_forest
2026-07-23 20:04:03,873 | INFO    | stockm.optimization.tracker | logged experiment RELIANCE_NS_random_forest_random_59488f1d61
2026-07-23 20:04:11,279 | INFO    | stockm.optimization.saver | saved optimized RELIANCE.NS / gradient_boosting
2026-07-23 20:04:13,730 | INFO    | stockm.optimization.tracker | logged experiment RELIANCE_NS_gradient_boosting_random_b82b76b592
2026-07-23 20:04:31,092 | INFO    | stockm.optimization.saver | saved optimized RELIANCE.NS / xgboost
2026-07-23 20:04:37,287 | INFO    | stockm.optimization.tracker | logged experiment RELIANCE_NS_xgboost_random_451b50580d
2026-07-23 20:04:46,715 | INFO    | stockm.optimization.saver | saved optimized RELIANCE.NS / lightgbm
2026-07-23 20:04:49,105 | INFO    | stockm.optimization.tracker | logged experiment RELIANCE_NS_lightgbm_random_3fde99c462
2026-07-23 20:04:49,162 | INFO    | stockm.optimization.pipeline | RELIANCE.NS done | best_tuned=lightgbm cv_rmse=0.018228 | baseline=random_forest val_rmse=0.018021 | deploy=optimized | dir_acc=0.4987 | stable=False
2026-07-23 20:04:49,164 | INFO    | stockm.optimization_runner |   RELIANCE.NS      best_tuned=lightgbm           cv_rmse=0.018228 deploy=optimized dir_acc=0.4987 stable=False
2026-07-23 20:04:49,164 | INFO    | stockm.optimization.pipeline | === Optimization: HDFCBANK.NS | method=random | n_iter=15 | cv=timeseries/3 ===
2026-07-23 20:04:49,786 | INFO    | stockm.optimization.saver | saved optimized HDFCBANK.NS / ridge
2026-07-23 20:04:50,361 | INFO    | stockm.optimization.tracker | logged experiment HDFCBANK_NS_ridge_random_42949045ed
2026-07-23 20:04:50,694 | INFO    | stockm.optimization.saver | saved optimized HDFCBANK.NS / decision_tree
2026-07-23 20:04:51,561 | INFO    | stockm.optimization.tracker | logged experiment HDFCBANK_NS_decision_tree_random_0ee291af06
2026-07-23 20:05:09,686 | INFO    | stockm.optimization.saver | saved optimized HDFCBANK.NS / random_forest
2026-07-23 20:05:22,703 | INFO    | stockm.optimization.tracker | logged experiment HDFCBANK_NS_random_forest_random_6a113c8be3
2026-07-23 20:05:28,004 | INFO    | stockm.optimization.saver | saved optimized HDFCBANK.NS / gradient_boosting
2026-07-23 20:05:30,350 | INFO    | stockm.optimization.tracker | logged experiment HDFCBANK_NS_gradient_boosting_random_c74675e6b5
2026-07-23 20:05:46,471 | INFO    | stockm.optimization.saver | saved optimized HDFCBANK.NS / xgboost
2026-07-23 20:05:52,517 | INFO    | stockm.optimization.tracker | logged experiment HDFCBANK_NS_xgboost_random_dcec50141a
2026-07-23 20:06:00,951 | INFO    | stockm.optimization.saver | saved optimized HDFCBANK.NS / lightgbm
2026-07-23 20:06:03,139 | INFO    | stockm.optimization.tracker | logged experiment HDFCBANK_NS_lightgbm_random_383d1b2e4d
2026-07-23 20:06:03,189 | INFO    | stockm.optimization.pipeline | HDFCBANK.NS done | best_tuned=lightgbm cv_rmse=0.014416 | baseline=random_forest val_rmse=0.017317 | deploy=optimized | dir_acc=0.5020 | stable=False
2026-07-23 20:06:03,191 | INFO    | stockm.optimization_runner |   HDFCBANK.NS      best_tuned=lightgbm           cv_rmse=0.014416 deploy=optimized dir_acc=0.5020 stable=False
2026-07-23 20:06:03,191 | INFO    | stockm.optimization.pipeline | === Optimization: INFY.NS | method=random | n_iter=15 | cv=timeseries/3 ===
2026-07-23 20:06:03,616 | INFO    | stockm.optimization.saver | saved optimized INFY.NS / ridge
2026-07-23 20:06:04,187 | INFO    | stockm.optimization.tracker | logged experiment INFY_NS_ridge_random_3c4dd8d57c
2026-07-23 20:06:04,494 | INFO    | stockm.optimization.saver | saved optimized INFY.NS / decision_tree
2026-07-23 20:06:05,314 | INFO    | stockm.optimization.tracker | logged experiment INFY_NS_decision_tree_random_52c261f2eb
2026-07-23 20:06:23,696 | INFO    | stockm.optimization.saver | saved optimized INFY.NS / random_forest
2026-07-23 20:06:37,312 | INFO    | stockm.optimization.tracker | logged experiment INFY_NS_random_forest_random_0da413421f
2026-07-23 20:06:43,160 | INFO    | stockm.optimization.saver | saved optimized INFY.NS / gradient_boosting
2026-07-23 20:06:45,654 | INFO    | stockm.optimization.tracker | logged experiment INFY_NS_gradient_boosting_random_e33f2b09fb
2026-07-23 20:07:03,777 | INFO    | stockm.optimization.saver | saved optimized INFY.NS / xgboost
2026-07-23 20:07:09,915 | INFO    | stockm.optimization.tracker | logged experiment INFY_NS_xgboost_random_183820b3c3
2026-07-23 20:07:18,976 | INFO    | stockm.optimization.saver | saved optimized INFY.NS / lightgbm
2026-07-23 20:07:21,224 | INFO    | stockm.optimization.tracker | logged experiment INFY_NS_lightgbm_random_4e4df29824
2026-07-23 20:07:21,254 | INFO    | stockm.optimization.pipeline | INFY.NS done | best_tuned=xgboost cv_rmse=0.017781 | baseline=linear_regression val_rmse=0.017870 | deploy=optimized | dir_acc=0.5205 | stable=False
2026-07-23 20:07:21,256 | INFO    | stockm.optimization_runner |   INFY.NS          best_tuned=xgboost            cv_rmse=0.017781 deploy=optimized dir_acc=0.5205 stable=False
2026-07-23 20:07:21,256 | INFO    | stockm.optimization.pipeline | === Optimization: ICICIBANK.NS | method=random | n_iter=15 | cv=timeseries/3 ===
2026-07-23 20:07:21,792 | INFO    | stockm.optimization.saver | saved optimized ICICIBANK.NS / ridge
2026-07-23 20:07:22,417 | INFO    | stockm.optimization.tracker | logged experiment ICICIBANK_NS_ridge_random_ae8821fe3a
2026-07-23 20:07:22,769 | INFO    | stockm.optimization.saver | saved optimized ICICIBANK.NS / decision_tree
2026-07-23 20:07:23,528 | INFO    | stockm.optimization.tracker | logged experiment ICICIBANK_NS_decision_tree_random_f28ded6518
2026-07-23 20:07:40,820 | INFO    | stockm.optimization.saver | saved optimized ICICIBANK.NS / random_forest
2026-07-23 20:07:53,701 | INFO    | stockm.optimization.tracker | logged experiment ICICIBANK_NS_random_forest_random_625a4b0fd4
2026-07-23 20:07:58,110 | INFO    | stockm.optimization.saver | saved optimized ICICIBANK.NS / gradient_boosting
2026-07-23 20:08:00,258 | INFO    | stockm.optimization.tracker | logged experiment ICICIBANK_NS_gradient_boosting_random_dfacda3c14
2026-07-23 20:08:15,938 | INFO    | stockm.optimization.saver | saved optimized ICICIBANK.NS / xgboost
2026-07-23 20:08:21,795 | INFO    | stockm.optimization.tracker | logged experiment ICICIBANK_NS_xgboost_random_b49cb9a199
2026-07-23 20:08:29,547 | INFO    | stockm.optimization.saver | saved optimized ICICIBANK.NS / lightgbm
2026-07-23 20:08:31,607 | INFO    | stockm.optimization.tracker | logged experiment ICICIBANK_NS_lightgbm_random_9fbb25b554
2026-07-23 20:08:31,635 | INFO    | stockm.optimization.pipeline | ICICIBANK.NS done | best_tuned=xgboost cv_rmse=0.021515 | baseline=random_forest val_rmse=0.021811 | deploy=optimized | dir_acc=0.4714 | stable=False
2026-07-23 20:08:31,637 | INFO    | stockm.optimization_runner |   ICICIBANK.NS     best_tuned=xgboost            cv_rmse=0.021515 deploy=optimized dir_acc=0.4714 stable=False
2026-07-23 20:08:31,637 | INFO    | stockm.optimization.pipeline | === Optimization: TCS.NS | method=random | n_iter=15 | cv=timeseries/3 ===
2026-07-23 20:08:32,081 | INFO    | stockm.optimization.saver | saved optimized TCS.NS / ridge
2026-07-23 20:08:32,625 | INFO    | stockm.optimization.tracker | logged experiment TCS_NS_ridge_random_fc917f8cd8
2026-07-23 20:08:32,925 | INFO    | stockm.optimization.saver | saved optimized TCS.NS / decision_tree
2026-07-23 20:08:33,755 | INFO    | stockm.optimization.tracker | logged experiment TCS_NS_decision_tree_random_26f781efcb
2026-07-23 20:08:49,274 | INFO    | stockm.optimization.saver | saved optimized TCS.NS / random_forest
2026-07-23 20:09:02,760 | INFO    | stockm.optimization.tracker | logged experiment TCS_NS_random_forest_random_6ca85e8cde
2026-07-23 20:09:07,246 | INFO    | stockm.optimization.saver | saved optimized TCS.NS / gradient_boosting
2026-07-23 20:09:09,494 | INFO    | stockm.optimization.tracker | logged experiment TCS_NS_gradient_boosting_random_67ce0168b8
2026-07-23 20:09:25,305 | INFO    | stockm.optimization.saver | saved optimized TCS.NS / xgboost
2026-07-23 20:09:30,929 | INFO    | stockm.optimization.tracker | logged experiment TCS_NS_xgboost_random_d3f12f14fc
2026-07-23 20:09:39,186 | INFO    | stockm.optimization.saver | saved optimized TCS.NS / lightgbm
2026-07-23 20:09:41,223 | INFO    | stockm.optimization.tracker | logged experiment TCS_NS_lightgbm_random_c6ef2f7774
2026-07-23 20:09:41,267 | INFO    | stockm.optimization.pipeline | TCS.NS done | best_tuned=lightgbm cv_rmse=0.016622 | baseline=linear_regression val_rmse=0.015414 | deploy=optimized | dir_acc=0.5319 | stable=False
2026-07-23 20:09:41,270 | INFO    | stockm.optimization_runner |   TCS.NS           best_tuned=lightgbm           cv_rmse=0.016622 deploy=optimized dir_acc=0.5319 stable=False
2026-07-23 20:09:41,270 | INFO    | stockm.optimization.pipeline | === Optimization: BHARTIARTL.NS | method=random | n_iter=15 | cv=timeseries/3 ===
2026-07-23 20:09:41,806 | INFO    | stockm.optimization.saver | saved optimized BHARTIARTL.NS / ridge
2026-07-23 20:09:42,408 | INFO    | stockm.optimization.tracker | logged experiment BHARTIARTL_NS_ridge_random_7ac7d508e9
2026-07-23 20:09:42,764 | INFO    | stockm.optimization.saver | saved optimized BHARTIARTL.NS / decision_tree
2026-07-23 20:09:43,543 | INFO    | stockm.optimization.tracker | logged experiment BHARTIARTL_NS_decision_tree_random_cfd71ccffa
2026-07-23 20:09:57,260 | INFO    | stockm.optimization.saver | saved optimized BHARTIARTL.NS / random_forest
2026-07-23 20:10:10,350 | INFO    | stockm.optimization.tracker | logged experiment BHARTIARTL_NS_random_forest_random_353cd30f0f
2026-07-23 20:10:15,300 | INFO    | stockm.optimization.saver | saved optimized BHARTIARTL.NS / gradient_boosting
2026-07-23 20:10:17,499 | INFO    | stockm.optimization.tracker | logged experiment BHARTIARTL_NS_gradient_boosting_random_92f4a60e03
2026-07-23 20:10:32,725 | INFO    | stockm.optimization.saver | saved optimized BHARTIARTL.NS / xgboost
2026-07-23 20:10:38,529 | INFO    | stockm.optimization.tracker | logged experiment BHARTIARTL_NS_xgboost_random_7fa54ac847
2026-07-23 20:10:47,001 | INFO    | stockm.optimization.saver | saved optimized BHARTIARTL.NS / lightgbm
2026-07-23 20:10:48,981 | INFO    | stockm.optimization.tracker | logged experiment BHARTIARTL_NS_lightgbm_random_fe0e2f9c32
2026-07-23 20:10:49,019 | INFO    | stockm.optimization.pipeline | BHARTIARTL.NS done | best_tuned=lightgbm cv_rmse=0.020890 | baseline=random_forest val_rmse=0.018422 | deploy=optimized | dir_acc=0.4834 | stable=False
2026-07-23 20:10:49,021 | INFO    | stockm.optimization_runner |   BHARTIARTL.NS    best_tuned=lightgbm           cv_rmse=0.020890 deploy=optimized dir_acc=0.4834 stable=False
2026-07-23 20:10:49,022 | INFO    | stockm.optimization.pipeline | === Optimization: SBIN.NS | method=random | n_iter=15 | cv=timeseries/3 ===
2026-07-23 20:10:49,468 | INFO    | stockm.optimization.saver | saved optimized SBIN.NS / ridge
2026-07-23 20:10:50,067 | INFO    | stockm.optimization.tracker | logged experiment SBIN_NS_ridge_random_7956b8be3b
2026-07-23 20:10:50,415 | INFO    | stockm.optimization.saver | saved optimized SBIN.NS / decision_tree
2026-07-23 20:10:51,191 | INFO    | stockm.optimization.tracker | logged experiment SBIN_NS_decision_tree_random_eeab02a332
2026-07-23 20:11:04,770 | INFO    | stockm.optimization.saver | saved optimized SBIN.NS / random_forest
2026-07-23 20:11:17,524 | INFO    | stockm.optimization.tracker | logged experiment SBIN_NS_random_forest_random_ae4c46c3aa
2026-07-23 20:11:22,799 | INFO    | stockm.optimization.saver | saved optimized SBIN.NS / gradient_boosting
2026-07-23 20:11:24,934 | INFO    | stockm.optimization.tracker | logged experiment SBIN_NS_gradient_boosting_random_b73e04cf36
2026-07-23 20:11:41,360 | INFO    | stockm.optimization.saver | saved optimized SBIN.NS / xgboost
2026-07-23 20:11:47,521 | INFO    | stockm.optimization.tracker | logged experiment SBIN_NS_xgboost_random_8ad6d2fb29
2026-07-23 20:11:56,222 | INFO    | stockm.optimization.saver | saved optimized SBIN.NS / lightgbm
2026-07-23 20:11:58,193 | INFO    | stockm.optimization.tracker | logged experiment SBIN_NS_lightgbm_random_f7227a1a93
2026-07-23 20:11:58,243 | INFO    | stockm.optimization.pipeline | SBIN.NS done | best_tuned=lightgbm cv_rmse=0.021625 | baseline=linear_regression val_rmse=0.021014 | deploy=optimized | dir_acc=0.4578 | stable=False
2026-07-23 20:11:58,244 | INFO    | stockm.optimization_runner |   SBIN.NS          best_tuned=lightgbm           cv_rmse=0.021625 deploy=optimized dir_acc=0.4578 stable=False
2026-07-23 20:11:58,244 | INFO    | stockm.optimization.pipeline | === Optimization: LT.NS | method=random | n_iter=15 | cv=timeseries/3 ===
2026-07-23 20:11:58,693 | INFO    | stockm.optimization.saver | saved optimized LT.NS / ridge
2026-07-23 20:11:59,278 | INFO    | stockm.optimization.tracker | logged experiment LT_NS_ridge_random_643af85f5b
2026-07-23 20:11:59,593 | INFO    | stockm.optimization.saver | saved optimized LT.NS / decision_tree
2026-07-23 20:12:00,437 | INFO    | stockm.optimization.tracker | logged experiment LT_NS_decision_tree_random_bcd5dfe5bd
2026-07-23 20:12:17,602 | INFO    | stockm.optimization.saver | saved optimized LT.NS / random_forest
2026-07-23 20:12:30,382 | INFO    | stockm.optimization.tracker | logged experiment LT_NS_random_forest_random_ead9116172
2026-07-23 20:12:35,116 | INFO    | stockm.optimization.saver | saved optimized LT.NS / gradient_boosting
2026-07-23 20:12:37,223 | INFO    | stockm.optimization.tracker | logged experiment LT_NS_gradient_boosting_random_6e65eb81d5
2026-07-23 20:12:51,693 | INFO    | stockm.optimization.saver | saved optimized LT.NS / xgboost
2026-07-23 20:12:57,512 | INFO    | stockm.optimization.tracker | logged experiment LT_NS_xgboost_random_f34ebae384
2026-07-23 20:13:05,898 | INFO    | stockm.optimization.saver | saved optimized LT.NS / lightgbm
2026-07-23 20:13:07,960 | INFO    | stockm.optimization.tracker | logged experiment LT_NS_lightgbm_random_85d59884e4
2026-07-23 20:13:08,052 | INFO    | stockm.optimization.pipeline | LT.NS done | best_tuned=random_forest cv_rmse=0.018845 | baseline=linear_regression val_rmse=0.018558 | deploy=optimized | dir_acc=0.4967 | stable=False
2026-07-23 20:13:08,055 | INFO    | stockm.optimization_runner |   LT.NS            best_tuned=random_forest      cv_rmse=0.018845 deploy=optimized dir_acc=0.4967 stable=False
2026-07-23 20:13:08,055 | INFO    | stockm.optimization.pipeline | === Optimization: ITC.NS | method=random | n_iter=15 | cv=timeseries/3 ===
2026-07-23 20:13:08,501 | INFO    | stockm.optimization.saver | saved optimized ITC.NS / ridge
2026-07-23 20:13:09,056 | INFO    | stockm.optimization.tracker | logged experiment ITC_NS_ridge_random_762cc870c2
2026-07-23 20:13:09,407 | INFO    | stockm.optimization.saver | saved optimized ITC.NS / decision_tree
2026-07-23 20:13:10,238 | INFO    | stockm.optimization.tracker | logged experiment ITC_NS_decision_tree_random_2bec8e3822
2026-07-23 20:13:23,901 | INFO    | stockm.optimization.saver | saved optimized ITC.NS / random_forest
2026-07-23 20:13:37,020 | INFO    | stockm.optimization.tracker | logged experiment ITC_NS_random_forest_random_bec9667496
2026-07-23 20:13:41,752 | INFO    | stockm.optimization.saver | saved optimized ITC.NS / gradient_boosting
2026-07-23 20:13:43,998 | INFO    | stockm.optimization.tracker | logged experiment ITC_NS_gradient_boosting_random_1d6c292a79
2026-07-23 20:14:00,413 | INFO    | stockm.optimization.saver | saved optimized ITC.NS / xgboost
2026-07-23 20:14:06,030 | INFO    | stockm.optimization.tracker | logged experiment ITC_NS_xgboost_random_5047e488c9
2026-07-23 20:14:14,480 | INFO    | stockm.optimization.saver | saved optimized ITC.NS / lightgbm
2026-07-23 20:14:16,483 | INFO    | stockm.optimization.tracker | logged experiment ITC_NS_lightgbm_random_599a9f71e5
2026-07-23 20:14:16,510 | INFO    | stockm.optimization.pipeline | ITC.NS done | best_tuned=xgboost cv_rmse=0.016339 | baseline=linear_regression val_rmse=0.015777 | deploy=optimized | dir_acc=0.4716 | stable=False
2026-07-23 20:14:16,512 | INFO    | stockm.optimization_runner |   ITC.NS           best_tuned=xgboost            cv_rmse=0.016339 deploy=optimized dir_acc=0.4716 stable=False
2026-07-23 20:14:16,512 | INFO    | stockm.optimization.pipeline | === Optimization: AXISBANK.NS | method=random | n_iter=15 | cv=timeseries/3 ===
2026-07-23 20:14:16,962 | INFO    | stockm.optimization.saver | saved optimized AXISBANK.NS / ridge
2026-07-23 20:14:17,555 | INFO    | stockm.optimization.tracker | logged experiment AXISBANK_NS_ridge_random_b52ebf892b
2026-07-23 20:14:17,878 | INFO    | stockm.optimization.saver | saved optimized AXISBANK.NS / decision_tree
2026-07-23 20:14:18,731 | INFO    | stockm.optimization.tracker | logged experiment AXISBANK_NS_decision_tree_random_1fa373e1c1
2026-07-23 20:14:33,485 | INFO    | stockm.optimization.saver | saved optimized AXISBANK.NS / random_forest
2026-07-23 20:14:46,362 | INFO    | stockm.optimization.tracker | logged experiment AXISBANK_NS_random_forest_random_620e58e621
2026-07-23 20:14:51,238 | INFO    | stockm.optimization.saver | saved optimized AXISBANK.NS / gradient_boosting
2026-07-23 20:14:53,374 | INFO    | stockm.optimization.tracker | logged experiment AXISBANK_NS_gradient_boosting_random_12d37a0af3
2026-07-23 20:15:09,549 | INFO    | stockm.optimization.saver | saved optimized AXISBANK.NS / xgboost
2026-07-23 20:15:16,153 | INFO    | stockm.optimization.tracker | logged experiment AXISBANK_NS_xgboost_random_eb1384cfc0
2026-07-23 20:15:24,263 | INFO    | stockm.optimization.saver | saved optimized AXISBANK.NS / lightgbm
2026-07-23 20:15:26,251 | INFO    | stockm.optimization.tracker | logged experiment AXISBANK_NS_lightgbm_random_5d94dbbfe7
2026-07-23 20:15:26,274 | INFO    | stockm.optimization.pipeline | AXISBANK.NS done | best_tuned=xgboost cv_rmse=0.022925 | baseline=linear_regression val_rmse=0.021761 | deploy=baseline | dir_acc=0.4894 | stable=False
2026-07-23 20:15:26,276 | INFO    | stockm.optimization_runner |   AXISBANK.NS      best_tuned=xgboost            cv_rmse=0.022925 deploy=baseline dir_acc=0.4894 stable=False
2026-07-23 20:15:26,277 | INFO    | stockm.optimization.pipeline | === Optimization: KOTAKBANK.NS | method=random | n_iter=15 | cv=timeseries/3 ===
2026-07-23 20:15:26,896 | INFO    | stockm.optimization.saver | saved optimized KOTAKBANK.NS / ridge
2026-07-23 20:15:27,448 | INFO    | stockm.optimization.tracker | logged experiment KOTAKBANK_NS_ridge_random_395e07324c
2026-07-23 20:15:27,750 | INFO    | stockm.optimization.saver | saved optimized KOTAKBANK.NS / decision_tree
2026-07-23 20:15:28,549 | INFO    | stockm.optimization.tracker | logged experiment KOTAKBANK_NS_decision_tree_random_848117d82e
2026-07-23 20:15:42,691 | INFO    | stockm.optimization.saver | saved optimized KOTAKBANK.NS / random_forest
2026-07-23 20:15:55,734 | INFO    | stockm.optimization.tracker | logged experiment KOTAKBANK_NS_random_forest_random_dda2d0a98c
2026-07-23 20:16:00,470 | INFO    | stockm.optimization.saver | saved optimized KOTAKBANK.NS / gradient_boosting
2026-07-23 20:16:02,618 | INFO    | stockm.optimization.tracker | logged experiment KOTAKBANK_NS_gradient_boosting_random_036416fb51
2026-07-23 20:16:18,281 | INFO    | stockm.optimization.saver | saved optimized KOTAKBANK.NS / xgboost
2026-07-23 20:16:25,026 | INFO    | stockm.optimization.tracker | logged experiment KOTAKBANK_NS_xgboost_random_95bd4eb5dd
2026-07-23 20:16:33,267 | INFO    | stockm.optimization.saver | saved optimized KOTAKBANK.NS / lightgbm
2026-07-23 20:16:35,295 | INFO    | stockm.optimization.tracker | logged experiment KOTAKBANK_NS_lightgbm_random_ae892b20a1
2026-07-23 20:16:35,325 | INFO    | stockm.optimization.pipeline | KOTAKBANK.NS done | best_tuned=gradient_boosting cv_rmse=0.018510 | baseline=random_forest val_rmse=0.018064 | deploy=optimized | dir_acc=0.5046 | stable=False
2026-07-23 20:16:35,327 | INFO    | stockm.optimization_runner |   KOTAKBANK.NS     best_tuned=gradient_boosting  cv_rmse=0.018510 deploy=optimized dir_acc=0.5046 stable=False
2026-07-23 20:16:35,327 | INFO    | stockm.optimization.pipeline | === Optimization: HINDUNILVR.NS | method=random | n_iter=15 | cv=timeseries/3 ===
2026-07-23 20:16:35,944 | INFO    | stockm.optimization.saver | saved optimized HINDUNILVR.NS / ridge
2026-07-23 20:16:36,553 | INFO    | stockm.optimization.tracker | logged experiment HINDUNILVR_NS_ridge_random_a8711ea8a9
2026-07-23 20:16:36,882 | INFO    | stockm.optimization.saver | saved optimized HINDUNILVR.NS / decision_tree
2026-07-23 20:16:37,646 | INFO    | stockm.optimization.tracker | logged experiment HINDUNILVR_NS_decision_tree_random_bcbc527886
2026-07-23 20:16:54,641 | INFO    | stockm.optimization.saver | saved optimized HINDUNILVR.NS / random_forest
2026-07-23 20:17:07,440 | INFO    | stockm.optimization.tracker | logged experiment HINDUNILVR_NS_random_forest_random_23477c72ab
2026-07-23 20:17:12,175 | INFO    | stockm.optimization.saver | saved optimized HINDUNILVR.NS / gradient_boosting
2026-07-23 20:17:14,442 | INFO    | stockm.optimization.tracker | logged experiment HINDUNILVR_NS_gradient_boosting_random_4634a84c47
2026-07-23 20:17:29,263 | INFO    | stockm.optimization.saver | saved optimized HINDUNILVR.NS / xgboost
2026-07-23 20:17:35,006 | INFO    | stockm.optimization.tracker | logged experiment HINDUNILVR_NS_xgboost_random_090750bb00
2026-07-23 20:17:42,964 | INFO    | stockm.optimization.saver | saved optimized HINDUNILVR.NS / lightgbm
2026-07-23 20:17:44,966 | INFO    | stockm.optimization.tracker | logged experiment HINDUNILVR_NS_lightgbm_random_8caf5e5f73
2026-07-23 20:17:44,988 | INFO    | stockm.optimization.pipeline | HINDUNILVR.NS done | best_tuned=xgboost cv_rmse=0.015590 | baseline=random_forest val_rmse=0.013955 | deploy=optimized | dir_acc=0.4920 | stable=False
2026-07-23 20:17:44,990 | INFO    | stockm.optimization_runner |   HINDUNILVR.NS    best_tuned=xgboost            cv_rmse=0.015590 deploy=optimized dir_acc=0.4920 stable=False
2026-07-23 20:17:44,990 | INFO    | stockm.optimization.pipeline | === Optimization: Bajajfinsv.NS | method=random | n_iter=15 | cv=timeseries/3 ===
2026-07-23 20:17:45,433 | INFO    | stockm.optimization.saver | saved optimized Bajajfinsv.NS / ridge
2026-07-23 20:17:46,015 | INFO    | stockm.optimization.tracker | logged experiment Bajajfinsv_NS_ridge_random_ef77a5aa90
2026-07-23 20:17:46,342 | INFO    | stockm.optimization.saver | saved optimized Bajajfinsv.NS / decision_tree
2026-07-23 20:17:47,147 | INFO    | stockm.optimization.tracker | logged experiment Bajajfinsv_NS_decision_tree_random_c1f953e2a1
2026-07-23 20:18:01,165 | INFO    | stockm.optimization.saver | saved optimized Bajajfinsv.NS / random_forest
2026-07-23 20:18:14,195 | INFO    | stockm.optimization.tracker | logged experiment Bajajfinsv_NS_random_forest_random_b5e7e22dbf
2026-07-23 20:18:18,553 | INFO    | stockm.optimization.saver | saved optimized Bajajfinsv.NS / gradient_boosting
2026-07-23 20:18:20,716 | INFO    | stockm.optimization.tracker | logged experiment Bajajfinsv_NS_gradient_boosting_random_eac608f6a1
2026-07-23 20:18:36,046 | INFO    | stockm.optimization.saver | saved optimized Bajajfinsv.NS / xgboost
2026-07-23 20:18:42,196 | INFO    | stockm.optimization.tracker | logged experiment Bajajfinsv_NS_xgboost_random_73317bac8a
2026-07-23 20:18:50,967 | INFO    | stockm.optimization.saver | saved optimized Bajajfinsv.NS / lightgbm
2026-07-23 20:18:53,026 | INFO    | stockm.optimization.tracker | logged experiment Bajajfinsv_NS_lightgbm_random_1fbb600544
2026-07-23 20:18:53,098 | INFO    | stockm.optimization.pipeline | Bajajfinsv.NS done | best_tuned=random_forest cv_rmse=0.022603 | baseline=linear_regression val_rmse=0.022985 | deploy=optimized | dir_acc=0.4675 | stable=False
2026-07-23 20:18:53,102 | INFO    | stockm.optimization_runner |   Bajajfinsv.NS    best_tuned=random_forest      cv_rmse=0.022603 deploy=optimized dir_acc=0.4675 stable=False
2026-07-23 20:18:53,102 | INFO    | stockm.optimization.pipeline | === Optimization: BAJFINANCE.NS | method=random | n_iter=15 | cv=timeseries/3 ===
2026-07-23 20:18:53,703 | INFO    | stockm.optimization.saver | saved optimized BAJFINANCE.NS / ridge
2026-07-23 20:18:54,303 | INFO    | stockm.optimization.tracker | logged experiment BAJFINANCE_NS_ridge_random_90d3a37e67
2026-07-23 20:18:54,615 | INFO    | stockm.optimization.saver | saved optimized BAJFINANCE.NS / decision_tree
2026-07-23 20:18:55,443 | INFO    | stockm.optimization.tracker | logged experiment BAJFINANCE_NS_decision_tree_random_2c47109e54
2026-07-23 20:19:08,715 | INFO    | stockm.optimization.saver | saved optimized BAJFINANCE.NS / random_forest
2026-07-23 20:19:21,763 | INFO    | stockm.optimization.tracker | logged experiment BAJFINANCE_NS_random_forest_random_725ca98e25
2026-07-23 20:19:26,609 | INFO    | stockm.optimization.saver | saved optimized BAJFINANCE.NS / gradient_boosting
2026-07-23 20:19:28,768 | INFO    | stockm.optimization.tracker | logged experiment BAJFINANCE_NS_gradient_boosting_random_dee852d3eb
2026-07-23 20:19:43,054 | INFO    | stockm.optimization.saver | saved optimized BAJFINANCE.NS / xgboost
2026-07-23 20:19:49,015 | INFO    | stockm.optimization.tracker | logged experiment BAJFINANCE_NS_xgboost_random_5cdc1ff3f7
2026-07-23 20:19:57,160 | INFO    | stockm.optimization.saver | saved optimized BAJFINANCE.NS / lightgbm
2026-07-23 20:19:59,283 | INFO    | stockm.optimization.tracker | logged experiment BAJFINANCE_NS_lightgbm_random_49876390c9
2026-07-23 20:19:59,353 | INFO    | stockm.optimization.pipeline | BAJFINANCE.NS done | best_tuned=random_forest cv_rmse=0.023859 | baseline=random_forest val_rmse=0.025625 | deploy=optimized | dir_acc=0.4913 | stable=False
2026-07-23 20:19:59,354 | INFO    | stockm.optimization_runner |   BAJFINANCE.NS    best_tuned=random_forest      cv_rmse=0.023859 deploy=optimized dir_acc=0.4913 stable=False
2026-07-23 20:19:59,354 | INFO    | stockm.optimization.pipeline | === Optimization: MARUTI.NS | method=random | n_iter=15 | cv=timeseries/3 ===
2026-07-23 20:19:59,817 | INFO    | stockm.optimization.saver | saved optimized MARUTI.NS / ridge
2026-07-23 20:20:00,459 | INFO    | stockm.optimization.tracker | logged experiment MARUTI_NS_ridge_random_f03ea118bd
2026-07-23 20:20:00,760 | INFO    | stockm.optimization.saver | saved optimized MARUTI.NS / decision_tree
2026-07-23 20:20:01,643 | INFO    | stockm.optimization.tracker | logged experiment MARUTI_NS_decision_tree_random_396d070fe7
2026-07-23 20:20:19,749 | INFO    | stockm.optimization.saver | saved optimized MARUTI.NS / random_forest
2026-07-23 20:21:22,473 | INFO    | stockm.optimization.tracker | logged experiment MARUTI_NS_random_forest_random_40c640ccf7
2026-07-23 20:21:29,131 | INFO    | stockm.optimization.saver | saved optimized MARUTI.NS / gradient_boosting
2026-07-23 20:21:31,872 | INFO    | stockm.optimization.tracker | logged experiment MARUTI_NS_gradient_boosting_random_1bfc9f12b0
2026-07-23 20:21:51,544 | INFO    | stockm.optimization.saver | saved optimized MARUTI.NS / xgboost
2026-07-23 20:21:58,306 | INFO    | stockm.optimization.tracker | logged experiment MARUTI_NS_xgboost_random_621ad4e7c9
2026-07-23 20:22:07,291 | INFO    | stockm.optimization.saver | saved optimized MARUTI.NS / lightgbm
2026-07-23 20:22:08,941 | INFO    | stockm.optimization.tracker | logged experiment MARUTI_NS_lightgbm_random_f974e3e681
2026-07-23 20:22:08,980 | INFO    | stockm.optimization.pipeline | MARUTI.NS done | best_tuned=random_forest cv_rmse=0.018772 | baseline=linear_regression val_rmse=0.017537 | deploy=optimized | dir_acc=0.5040 | stable=False
2026-07-23 20:22:08,981 | INFO    | stockm.optimization_runner |   MARUTI.NS        best_tuned=random_forest      cv_rmse=0.018772 deploy=optimized dir_acc=0.5040 stable=False
2026-07-23 20:22:08,982 | INFO    | stockm.optimization.pipeline | === Optimization: ASIANPAINT.NS | method=random | n_iter=15 | cv=timeseries/3 ===
2026-07-23 20:22:09,476 | INFO    | stockm.optimization.saver | saved optimized ASIANPAINT.NS / ridge
2026-07-23 20:22:09,942 | INFO    | stockm.optimization.tracker | logged experiment ASIANPAINT_NS_ridge_random_a3250dcc80
2026-07-23 20:22:10,208 | INFO    | stockm.optimization.saver | saved optimized ASIANPAINT.NS / decision_tree
2026-07-23 20:22:10,900 | INFO    | stockm.optimization.tracker | logged experiment ASIANPAINT_NS_decision_tree_random_25541ffab1
2026-07-23 20:22:26,475 | INFO    | stockm.optimization.saver | saved optimized ASIANPAINT.NS / random_forest
2026-07-23 20:22:39,259 | INFO    | stockm.optimization.tracker | logged experiment ASIANPAINT_NS_random_forest_random_67f5965a1e
2026-07-23 20:22:44,698 | INFO    | stockm.optimization.saver | saved optimized ASIANPAINT.NS / gradient_boosting
2026-07-23 20:22:46,959 | INFO    | stockm.optimization.tracker | logged experiment ASIANPAINT_NS_gradient_boosting_random_3bcd8a8365
2026-07-23 20:23:05,047 | INFO    | stockm.optimization.saver | saved optimized ASIANPAINT.NS / xgboost
2026-07-23 20:23:11,969 | INFO    | stockm.optimization.tracker | logged experiment ASIANPAINT_NS_xgboost_random_f4020aa530
2026-07-23 20:23:21,158 | INFO    | stockm.optimization.saver | saved optimized ASIANPAINT.NS / lightgbm
2026-07-23 20:23:23,289 | INFO    | stockm.optimization.tracker | logged experiment ASIANPAINT_NS_lightgbm_random_36b1c985ea
2026-07-23 20:23:23,347 | INFO    | stockm.optimization.pipeline | ASIANPAINT.NS done | best_tuned=lightgbm cv_rmse=0.016206 | baseline=random_forest val_rmse=0.017028 | deploy=optimized | dir_acc=0.5140 | stable=True
2026-07-23 20:23:23,351 | INFO    | stockm.optimization_runner |   ASIANPAINT.NS    best_tuned=lightgbm           cv_rmse=0.016206 deploy=optimized dir_acc=0.5140 stable=True
2026-07-23 20:23:23,351 | INFO    | stockm.optimization.pipeline | === Optimization: HCLTECH.NS | method=random | n_iter=15 | cv=timeseries/3 ===
2026-07-23 20:23:23,945 | INFO    | stockm.optimization.saver | saved optimized HCLTECH.NS / ridge
2026-07-23 20:23:24,513 | INFO    | stockm.optimization.tracker | logged experiment HCLTECH_NS_ridge_random_9e555f6bba
2026-07-23 20:23:24,875 | INFO    | stockm.optimization.saver | saved optimized HCLTECH.NS / decision_tree
2026-07-23 20:23:25,693 | INFO    | stockm.optimization.tracker | logged experiment HCLTECH_NS_decision_tree_random_ccb099d525
2026-07-23 20:23:43,339 | INFO    | stockm.optimization.saver | saved optimized HCLTECH.NS / random_forest
2026-07-23 20:23:56,402 | INFO    | stockm.optimization.tracker | logged experiment HCLTECH_NS_random_forest_random_37d018313a
2026-07-23 20:24:01,311 | INFO    | stockm.optimization.saver | saved optimized HCLTECH.NS / gradient_boosting
2026-07-23 20:24:03,605 | INFO    | stockm.optimization.tracker | logged experiment HCLTECH_NS_gradient_boosting_random_e6373217a4
2026-07-23 20:24:20,286 | INFO    | stockm.optimization.saver | saved optimized HCLTECH.NS / xgboost
2026-07-23 20:24:26,412 | INFO    | stockm.optimization.tracker | logged experiment HCLTECH_NS_xgboost_random_943f269fa3
2026-07-23 20:24:35,074 | INFO    | stockm.optimization.saver | saved optimized HCLTECH.NS / lightgbm
2026-07-23 20:24:37,213 | INFO    | stockm.optimization.tracker | logged experiment HCLTECH_NS_lightgbm_random_f96febeb6b
2026-07-23 20:24:37,255 | INFO    | stockm.optimization.pipeline | HCLTECH.NS done | best_tuned=xgboost cv_rmse=0.018828 | baseline=random_forest val_rmse=0.017892 | deploy=optimized | dir_acc=0.5053 | stable=False
2026-07-23 20:24:37,259 | INFO    | stockm.optimization_runner |   HCLTECH.NS       best_tuned=xgboost            cv_rmse=0.018828 deploy=optimized dir_acc=0.5053 stable=False
2026-07-23 20:24:37,259 | INFO    | stockm.optimization.pipeline | === Optimization: SUNPHARMA.NS | method=random | n_iter=15 | cv=timeseries/3 ===
2026-07-23 20:24:37,808 | INFO    | stockm.optimization.saver | saved optimized SUNPHARMA.NS / ridge
2026-07-23 20:24:38,422 | INFO    | stockm.optimization.tracker | logged experiment SUNPHARMA_NS_ridge_random_df6123c0ae
2026-07-23 20:24:38,727 | INFO    | stockm.optimization.saver | saved optimized SUNPHARMA.NS / decision_tree
2026-07-23 20:24:39,539 | INFO    | stockm.optimization.tracker | logged experiment SUNPHARMA_NS_decision_tree_random_8e75f75f53
2026-07-23 20:24:57,699 | INFO    | stockm.optimization.saver | saved optimized SUNPHARMA.NS / random_forest
2026-07-23 20:25:10,964 | INFO    | stockm.optimization.tracker | logged experiment SUNPHARMA_NS_random_forest_random_78221d039e
2026-07-23 20:25:15,987 | INFO    | stockm.optimization.saver | saved optimized SUNPHARMA.NS / gradient_boosting
2026-07-23 20:25:18,347 | INFO    | stockm.optimization.tracker | logged experiment SUNPHARMA_NS_gradient_boosting_random_f7388b5c09
2026-07-23 20:25:33,407 | INFO    | stockm.optimization.saver | saved optimized SUNPHARMA.NS / xgboost
2026-07-23 20:25:39,273 | INFO    | stockm.optimization.tracker | logged experiment SUNPHARMA_NS_xgboost_random_f1c66a4add
2026-07-23 20:25:47,639 | INFO    | stockm.optimization.saver | saved optimized SUNPHARMA.NS / lightgbm
2026-07-23 20:25:49,811 | INFO    | stockm.optimization.tracker | logged experiment SUNPHARMA_NS_lightgbm_random_15bd810cb8
2026-07-23 20:25:49,840 | INFO    | stockm.optimization.pipeline | SUNPHARMA.NS done | best_tuned=gradient_boosting cv_rmse=0.019128 | baseline=random_forest val_rmse=0.016078 | deploy=optimized | dir_acc=0.5446 | stable=False
2026-07-23 20:25:49,842 | INFO    | stockm.optimization_runner |   SUNPHARMA.NS     best_tuned=gradient_boosting  cv_rmse=0.019128 deploy=optimized dir_acc=0.5446 stable=False
2026-07-23 20:25:49,842 | INFO    | stockm.optimization.pipeline | === Optimization: WIPRO.NS | method=random | n_iter=15 | cv=timeseries/3 ===
2026-07-23 20:25:50,312 | INFO    | stockm.optimization.saver | saved optimized WIPRO.NS / ridge
2026-07-23 20:25:50,904 | INFO    | stockm.optimization.tracker | logged experiment WIPRO_NS_ridge_random_bcd00ffc2f
2026-07-23 20:25:51,224 | INFO    | stockm.optimization.saver | saved optimized WIPRO.NS / decision_tree
2026-07-23 20:25:51,982 | INFO    | stockm.optimization.tracker | logged experiment WIPRO_NS_decision_tree_random_2df2a1be90
2026-07-23 20:26:08,837 | INFO    | stockm.optimization.saver | saved optimized WIPRO.NS / random_forest
2026-07-23 20:26:21,607 | INFO    | stockm.optimization.tracker | logged experiment WIPRO_NS_random_forest_random_785714a14e
2026-07-23 20:26:26,440 | INFO    | stockm.optimization.saver | saved optimized WIPRO.NS / gradient_boosting
2026-07-23 20:26:28,921 | INFO    | stockm.optimization.tracker | logged experiment WIPRO_NS_gradient_boosting_random_5bb891d75d
2026-07-23 20:26:43,689 | INFO    | stockm.optimization.saver | saved optimized WIPRO.NS / xgboost
2026-07-23 20:26:49,496 | INFO    | stockm.optimization.tracker | logged experiment WIPRO_NS_xgboost_random_84b4e76b32
2026-07-23 20:26:57,367 | INFO    | stockm.optimization.saver | saved optimized WIPRO.NS / lightgbm
2026-07-23 20:26:59,329 | INFO    | stockm.optimization.tracker | logged experiment WIPRO_NS_lightgbm_random_67362dd185
2026-07-23 20:26:59,352 | INFO    | stockm.optimization.pipeline | WIPRO.NS done | best_tuned=xgboost cv_rmse=0.016090 | baseline=gradient_boosting val_rmse=0.020161 | deploy=optimized | dir_acc=0.5040 | stable=False
2026-07-23 20:26:59,353 | INFO    | stockm.optimization_runner |   WIPRO.NS         best_tuned=xgboost            cv_rmse=0.016090 deploy=optimized dir_acc=0.5040 stable=False
2026-07-23 20:26:59,353 | INFO    | stockm.optimization.pipeline | === Optimization: ULTRACEMCO.NS | method=random | n_iter=15 | cv=timeseries/3 ===
2026-07-23 20:26:59,800 | INFO    | stockm.optimization.saver | saved optimized ULTRACEMCO.NS / ridge
2026-07-23 20:27:00,383 | INFO    | stockm.optimization.tracker | logged experiment ULTRACEMCO_NS_ridge_random_5a5e66669c
2026-07-23 20:27:00,704 | INFO    | stockm.optimization.saver | saved optimized ULTRACEMCO.NS / decision_tree
2026-07-23 20:27:01,505 | INFO    | stockm.optimization.tracker | logged experiment ULTRACEMCO_NS_decision_tree_random_affbcf6999
2026-07-23 20:27:15,205 | INFO    | stockm.optimization.saver | saved optimized ULTRACEMCO.NS / random_forest
2026-07-23 20:27:27,593 | INFO    | stockm.optimization.tracker | logged experiment ULTRACEMCO_NS_random_forest_random_bfe9fd5674
2026-07-23 20:27:33,073 | INFO    | stockm.optimization.saver | saved optimized ULTRACEMCO.NS / gradient_boosting
2026-07-23 20:27:35,263 | INFO    | stockm.optimization.tracker | logged experiment ULTRACEMCO_NS_gradient_boosting_random_499029f0c6
2026-07-23 20:27:51,022 | INFO    | stockm.optimization.saver | saved optimized ULTRACEMCO.NS / xgboost
2026-07-23 20:27:56,935 | INFO    | stockm.optimization.tracker | logged experiment ULTRACEMCO_NS_xgboost_random_2bc146d9a7
2026-07-23 20:28:05,190 | INFO    | stockm.optimization.saver | saved optimized ULTRACEMCO.NS / lightgbm
2026-07-23 20:28:07,294 | INFO    | stockm.optimization.tracker | logged experiment ULTRACEMCO_NS_lightgbm_random_9fd67c1248
2026-07-23 20:28:07,343 | INFO    | stockm.optimization.pipeline | ULTRACEMCO.NS done | best_tuned=lightgbm cv_rmse=0.017792 | baseline=linear_regression val_rmse=0.017516 | deploy=optimized | dir_acc=0.5053 | stable=False
2026-07-23 20:28:07,344 | INFO    | stockm.optimization_runner |   ULTRACEMCO.NS    best_tuned=lightgbm           cv_rmse=0.017792 deploy=optimized dir_acc=0.5053 stable=False
2026-07-23 20:28:07,344 | INFO    | stockm.optimization.pipeline | === Optimization: TITAN.NS | method=random | n_iter=15 | cv=timeseries/3 ===
2026-07-23 20:28:07,810 | INFO    | stockm.optimization.saver | saved optimized TITAN.NS / ridge
2026-07-23 20:28:08,447 | INFO    | stockm.optimization.tracker | logged experiment TITAN_NS_ridge_random_08ab83604b
2026-07-23 20:28:08,790 | INFO    | stockm.optimization.saver | saved optimized TITAN.NS / decision_tree
2026-07-23 20:28:09,591 | INFO    | stockm.optimization.tracker | logged experiment TITAN_NS_decision_tree_random_49bfd5a7a5
2026-07-23 20:28:23,664 | INFO    | stockm.optimization.saver | saved optimized TITAN.NS / random_forest
2026-07-23 20:28:36,030 | INFO    | stockm.optimization.tracker | logged experiment TITAN_NS_random_forest_random_0e7b6fe090
2026-07-23 20:28:40,709 | INFO    | stockm.optimization.saver | saved optimized TITAN.NS / gradient_boosting
2026-07-23 20:28:42,866 | INFO    | stockm.optimization.tracker | logged experiment TITAN_NS_gradient_boosting_random_38f3a07c3f
2026-07-23 20:28:58,868 | INFO    | stockm.optimization.saver | saved optimized TITAN.NS / xgboost
2026-07-23 20:29:04,833 | INFO    | stockm.optimization.tracker | logged experiment TITAN_NS_xgboost_random_34879f6a98
2026-07-23 20:29:13,554 | INFO    | stockm.optimization.saver | saved optimized TITAN.NS / lightgbm
2026-07-23 20:29:15,703 | INFO    | stockm.optimization.tracker | logged experiment TITAN_NS_lightgbm_random_b239881519
2026-07-23 20:29:15,736 | INFO    | stockm.optimization.pipeline | TITAN.NS done | best_tuned=gradient_boosting cv_rmse=0.021672 | baseline=linear_regression val_rmse=0.019265 | deploy=optimized | dir_acc=0.5093 | stable=True
2026-07-23 20:29:15,738 | INFO    | stockm.optimization_runner |   TITAN.NS         best_tuned=gradient_boosting  cv_rmse=0.021672 deploy=optimized dir_acc=0.5093 stable=True
2026-07-23 20:29:15,738 | INFO    | stockm.optimization.pipeline | === Optimization: NESTLEIND.NS | method=random | n_iter=15 | cv=timeseries/3 ===
2026-07-23 20:29:16,129 | INFO    | stockm.optimization.saver | saved optimized NESTLEIND.NS / ridge
2026-07-23 20:29:16,525 | INFO    | stockm.optimization.tracker | logged experiment NESTLEIND_NS_ridge_random_4bd744526c
2026-07-23 20:29:16,770 | INFO    | stockm.optimization.saver | saved optimized NESTLEIND.NS / decision_tree
2026-07-23 20:29:17,279 | INFO    | stockm.optimization.tracker | logged experiment NESTLEIND_NS_decision_tree_random_f98d070eb0
2026-07-23 20:29:28,635 | INFO    | stockm.optimization.saver | saved optimized NESTLEIND.NS / random_forest
2026-07-23 20:29:38,495 | INFO    | stockm.optimization.tracker | logged experiment NESTLEIND_NS_random_forest_random_830a915b87
2026-07-23 20:29:43,374 | INFO    | stockm.optimization.saver | saved optimized NESTLEIND.NS / gradient_boosting
2026-07-23 20:29:45,183 | INFO    | stockm.optimization.tracker | logged experiment NESTLEIND_NS_gradient_boosting_random_4914069cc4
2026-07-23 20:29:59,753 | INFO    | stockm.optimization.saver | saved optimized NESTLEIND.NS / xgboost
2026-07-23 20:30:04,302 | INFO    | stockm.optimization.tracker | logged experiment NESTLEIND_NS_xgboost_random_a9467f1822
2026-07-23 20:30:12,103 | INFO    | stockm.optimization.saver | saved optimized NESTLEIND.NS / lightgbm
2026-07-23 20:30:13,828 | INFO    | stockm.optimization.tracker | logged experiment NESTLEIND_NS_lightgbm_random_3f4c9eceed
2026-07-23 20:30:13,875 | INFO    | stockm.optimization.pipeline | NESTLEIND.NS done | best_tuned=lightgbm cv_rmse=0.015355 | baseline=linear_regression val_rmse=0.011907 | deploy=optimized | dir_acc=0.5092 | stable=False
2026-07-23 20:30:13,876 | INFO    | stockm.optimization_runner |   NESTLEIND.NS     best_tuned=lightgbm           cv_rmse=0.015355 deploy=optimized dir_acc=0.5092 stable=False
2026-07-23 20:30:13,877 | INFO    | stockm.optimization.pipeline | === Optimization: ONGC.NS | method=random | n_iter=15 | cv=timeseries/3 ===
2026-07-23 20:30:14,367 | INFO    | stockm.optimization.saver | saved optimized ONGC.NS / ridge
2026-07-23 20:30:14,905 | INFO    | stockm.optimization.tracker | logged experiment ONGC_NS_ridge_random_ea6c54a43b
2026-07-23 20:30:15,208 | INFO    | stockm.optimization.saver | saved optimized ONGC.NS / decision_tree
2026-07-23 20:30:16,010 | INFO    | stockm.optimization.tracker | logged experiment ONGC_NS_decision_tree_random_f175bd9db3
2026-07-23 20:30:30,583 | INFO    | stockm.optimization.saver | saved optimized ONGC.NS / random_forest
2026-07-23 20:30:43,453 | INFO    | stockm.optimization.tracker | logged experiment ONGC_NS_random_forest_random_1b8059a710
2026-07-23 20:30:49,056 | INFO    | stockm.optimization.saver | saved optimized ONGC.NS / gradient_boosting
2026-07-23 20:30:51,454 | INFO    | stockm.optimization.tracker | logged experiment ONGC_NS_gradient_boosting_random_b037311a99
2026-07-23 20:31:10,251 | INFO    | stockm.optimization.saver | saved optimized ONGC.NS / xgboost
2026-07-23 20:31:17,117 | INFO    | stockm.optimization.tracker | logged experiment ONGC_NS_xgboost_random_6c2d47ac6b
2026-07-23 20:31:25,703 | INFO    | stockm.optimization.saver | saved optimized ONGC.NS / lightgbm
2026-07-23 20:31:27,613 | INFO    | stockm.optimization.tracker | logged experiment ONGC_NS_lightgbm_random_ccd0a56679
2026-07-23 20:31:27,636 | INFO    | stockm.optimization.pipeline | ONGC.NS done | best_tuned=gradient_boosting cv_rmse=0.019935 | baseline=gradient_boosting val_rmse=0.027928 | deploy=optimized | dir_acc=0.5099 | stable=False
2026-07-23 20:31:27,638 | INFO    | stockm.optimization_runner |   ONGC.NS          best_tuned=gradient_boosting  cv_rmse=0.019935 deploy=optimized dir_acc=0.5099 stable=False
2026-07-23 20:31:27,638 | INFO    | stockm.optimization.pipeline | === Optimization: NTPC.NS | method=random | n_iter=15 | cv=timeseries/3 ===
2026-07-23 20:31:28,272 | INFO    | stockm.optimization.saver | saved optimized NTPC.NS / ridge
2026-07-23 20:31:28,945 | INFO    | stockm.optimization.tracker | logged experiment NTPC_NS_ridge_random_b65caf6e77
2026-07-23 20:31:29,287 | INFO    | stockm.optimization.saver | saved optimized NTPC.NS / decision_tree
2026-07-23 20:31:30,159 | INFO    | stockm.optimization.tracker | logged experiment NTPC_NS_decision_tree_random_24bc5ff2ce
2026-07-23 20:31:42,635 | INFO    | stockm.optimization.saver | saved optimized NTPC.NS / random_forest
2026-07-23 20:31:52,286 | INFO    | stockm.optimization.tracker | logged experiment NTPC_NS_random_forest_random_aa07c9c0dd
2026-07-23 20:31:56,306 | INFO    | stockm.optimization.saver | saved optimized NTPC.NS / gradient_boosting
2026-07-23 20:31:58,012 | INFO    | stockm.optimization.tracker | logged experiment NTPC_NS_gradient_boosting_random_f736ea25a4
2026-07-23 20:32:13,379 | INFO    | stockm.optimization.saver | saved optimized NTPC.NS / xgboost
2026-07-23 20:32:18,715 | INFO    | stockm.optimization.tracker | logged experiment NTPC_NS_xgboost_random_fa12510dbb
2026-07-23 20:32:26,101 | INFO    | stockm.optimization.saver | saved optimized NTPC.NS / lightgbm
2026-07-23 20:32:27,741 | INFO    | stockm.optimization.tracker | logged experiment NTPC_NS_lightgbm_random_a2d13e497f
2026-07-23 20:32:27,790 | INFO    | stockm.optimization.pipeline | NTPC.NS done | best_tuned=random_forest cv_rmse=0.016021 | baseline=random_forest val_rmse=0.018679 | deploy=optimized | dir_acc=0.4866 | stable=False
2026-07-23 20:32:27,792 | INFO    | stockm.optimization_runner |   NTPC.NS          best_tuned=random_forest      cv_rmse=0.016021 deploy=optimized dir_acc=0.4866 stable=False
2026-07-23 20:32:27,792 | INFO    | stockm.optimization.pipeline | === Optimization: POWERGRID.NS | method=random | n_iter=15 | cv=timeseries/3 ===
2026-07-23 20:32:28,214 | INFO    | stockm.optimization.saver | saved optimized POWERGRID.NS / ridge
2026-07-23 20:32:28,532 | INFO    | stockm.optimization.tracker | logged experiment POWERGRID_NS_ridge_random_b50bc5690c
2026-07-23 20:32:28,721 | INFO    | stockm.optimization.saver | saved optimized POWERGRID.NS / decision_tree
2026-07-23 20:32:29,175 | INFO    | stockm.optimization.tracker | logged experiment POWERGRID_NS_decision_tree_random_8f33c9c416
2026-07-23 20:32:38,406 | INFO    | stockm.optimization.saver | saved optimized POWERGRID.NS / random_forest
2026-07-23 20:32:46,789 | INFO    | stockm.optimization.tracker | logged experiment POWERGRID_NS_random_forest_random_31e471b664
2026-07-23 20:32:51,006 | INFO    | stockm.optimization.saver | saved optimized POWERGRID.NS / gradient_boosting
2026-07-23 20:32:52,501 | INFO    | stockm.optimization.tracker | logged experiment POWERGRID_NS_gradient_boosting_random_105b2dd0cf
2026-07-23 20:33:06,962 | INFO    | stockm.optimization.saver | saved optimized POWERGRID.NS / xgboost
2026-07-23 20:33:12,245 | INFO    | stockm.optimization.tracker | logged experiment POWERGRID_NS_xgboost_random_345eec7b06
2026-07-23 20:33:21,550 | INFO    | stockm.optimization.saver | saved optimized POWERGRID.NS / lightgbm
2026-07-23 20:33:23,461 | INFO    | stockm.optimization.tracker | logged experiment POWERGRID_NS_lightgbm_random_48ce41a3a1
2026-07-23 20:33:23,518 | INFO    | stockm.optimization.pipeline | POWERGRID.NS done | best_tuned=lightgbm cv_rmse=0.014959 | baseline=random_forest val_rmse=0.016628 | deploy=optimized | dir_acc=0.5252 | stable=True
2026-07-23 20:33:23,519 | INFO    | stockm.optimization_runner |   POWERGRID.NS     best_tuned=lightgbm           cv_rmse=0.014959 deploy=optimized dir_acc=0.5252 stable=True
2026-07-23 20:33:23,520 | INFO    | stockm.optimization.pipeline | === Optimization: TATAMOTORS.NS | method=random | n_iter=15 | cv=timeseries/3 ===
2026-07-23 20:33:23,520 | ERROR   | stockm.optimization_runner |   TATAMOTORS.NS    SKIP (no prepared dataset)
2026-07-23 20:33:23,520 | INFO    | stockm.optimization.pipeline | === Optimization: TATASTEEL.NS | method=random | n_iter=15 | cv=timeseries/3 ===
2026-07-23 20:33:24,087 | INFO    | stockm.optimization.saver | saved optimized TATASTEEL.NS / ridge
2026-07-23 20:33:24,719 | INFO    | stockm.optimization.tracker | logged experiment TATASTEEL_NS_ridge_random_aa4876e051
2026-07-23 20:33:25,042 | INFO    | stockm.optimization.saver | saved optimized TATASTEEL.NS / decision_tree
2026-07-23 20:33:25,845 | INFO    | stockm.optimization.tracker | logged experiment TATASTEEL_NS_decision_tree_random_280cc82704
2026-07-23 20:33:43,012 | INFO    | stockm.optimization.saver | saved optimized TATASTEEL.NS / random_forest
2026-07-23 20:34:01,522 | INFO    | stockm.optimization.tracker | logged experiment TATASTEEL_NS_random_forest_random_d25bd0943a
2026-07-23 20:52:42,204 | INFO    | stockm.optimization.saver | saved optimized TATASTEEL.NS / gradient_boosting
2026-07-23 20:52:53,929 | INFO    | stockm.optimization.tracker | logged experiment TATASTEEL_NS_gradient_boosting_random_351ec49ef9
2026-07-23 20:53:13,176 | INFO    | stockm.optimization.saver | saved optimized TATASTEEL.NS / xgboost
2026-07-23 20:53:19,539 | INFO    | stockm.optimization.tracker | logged experiment TATASTEEL_NS_xgboost_random_82af4bc524
2026-07-23 20:53:28,051 | INFO    | stockm.optimization.saver | saved optimized TATASTEEL.NS / lightgbm
2026-07-23 20:53:30,443 | INFO    | stockm.optimization.tracker | logged experiment TATASTEEL_NS_lightgbm_random_13f567308e
2026-07-23 20:53:30,484 | INFO    | stockm.optimization.pipeline | TATASTEEL.NS done | best_tuned=xgboost cv_rmse=0.023769 | baseline=random_forest val_rmse=0.027337 | deploy=optimized | dir_acc=0.4755 | stable=False
2026-07-23 20:53:30,486 | INFO    | stockm.optimization_runner |   TATASTEEL.NS     best_tuned=xgboost            cv_rmse=0.023769 deploy=optimized dir_acc=0.4755 stable=False
2026-07-23 20:53:30,486 | INFO    | stockm.optimization.pipeline | === Optimization: JSWSTEEL.NS | method=random | n_iter=15 | cv=timeseries/3 ===
2026-07-23 20:53:30,984 | INFO    | stockm.optimization.saver | saved optimized JSWSTEEL.NS / ridge
2026-07-23 20:53:31,587 | INFO    | stockm.optimization.tracker | logged experiment JSWSTEEL_NS_ridge_random_5dafd34b88
2026-07-23 20:53:31,851 | INFO    | stockm.optimization.saver | saved optimized JSWSTEEL.NS / decision_tree
2026-07-23 20:53:32,491 | INFO    | stockm.optimization.tracker | logged experiment JSWSTEEL_NS_decision_tree_random_b929fe065f
2026-07-23 20:53:47,214 | INFO    | stockm.optimization.saver | saved optimized JSWSTEEL.NS / random_forest
2026-07-23 20:53:57,623 | INFO    | stockm.optimization.tracker | logged experiment JSWSTEEL_NS_random_forest_random_61af22d4b6
2026-07-23 20:54:02,370 | INFO    | stockm.optimization.saver | saved optimized JSWSTEEL.NS / gradient_boosting
2026-07-23 20:54:04,340 | INFO    | stockm.optimization.tracker | logged experiment JSWSTEEL_NS_gradient_boosting_random_223a546ded
2026-07-23 20:54:20,705 | INFO    | stockm.optimization.saver | saved optimized JSWSTEEL.NS / xgboost
2026-07-23 20:54:29,125 | INFO    | stockm.optimization.tracker | logged experiment JSWSTEEL_NS_xgboost_random_b533fea5d6
2026-07-23 20:54:40,225 | INFO    | stockm.optimization.saver | saved optimized JSWSTEEL.NS / lightgbm
2026-07-23 20:54:43,200 | INFO    | stockm.optimization.tracker | logged experiment JSWSTEEL_NS_lightgbm_random_ae864f23f8
2026-07-23 20:54:43,242 | INFO    | stockm.optimization.pipeline | JSWSTEEL.NS done | best_tuned=xgboost cv_rmse=0.025118 | baseline=gradient_boosting val_rmse=0.029991 | deploy=optimized | dir_acc=0.4934 | stable=False
2026-07-23 20:54:43,244 | INFO    | stockm.optimization_runner |   JSWSTEEL.NS      best_tuned=xgboost            cv_rmse=0.025118 deploy=optimized dir_acc=0.4934 stable=False
2026-07-23 20:54:43,245 | INFO    | stockm.optimization.pipeline | === Optimization: COALINDIA.NS | method=random | n_iter=15 | cv=timeseries/3 ===
2026-07-23 20:54:43,976 | INFO    | stockm.optimization.saver | saved optimized COALINDIA.NS / ridge
2026-07-23 20:54:44,515 | INFO    | stockm.optimization.tracker | logged experiment COALINDIA_NS_ridge_random_deb6028796
2026-07-23 20:54:44,750 | INFO    | stockm.optimization.saver | saved optimized COALINDIA.NS / decision_tree
2026-07-23 20:54:45,772 | INFO    | stockm.optimization.tracker | logged experiment COALINDIA_NS_decision_tree_random_83e09380aa
2026-07-23 20:55:03,099 | INFO    | stockm.optimization.saver | saved optimized COALINDIA.NS / random_forest
2026-07-23 20:55:15,478 | INFO    | stockm.optimization.tracker | logged experiment COALINDIA_NS_random_forest_random_7c7319df5c
2026-07-23 20:55:22,438 | INFO    | stockm.optimization.saver | saved optimized COALINDIA.NS / gradient_boosting
2026-07-23 20:55:25,887 | INFO    | stockm.optimization.tracker | logged experiment COALINDIA_NS_gradient_boosting_random_fca09ff693
2026-07-23 20:55:46,812 | INFO    | stockm.optimization.saver | saved optimized COALINDIA.NS / xgboost
2026-07-23 20:55:52,252 | INFO    | stockm.optimization.tracker | logged experiment COALINDIA_NS_xgboost_random_613fa06713
2026-07-23 20:56:01,861 | INFO    | stockm.optimization.saver | saved optimized COALINDIA.NS / lightgbm
2026-07-23 20:56:03,897 | INFO    | stockm.optimization.tracker | logged experiment COALINDIA_NS_lightgbm_random_8385279275
2026-07-23 20:56:03,934 | INFO    | stockm.optimization.pipeline | COALINDIA.NS done | best_tuned=gradient_boosting cv_rmse=0.018274 | baseline=random_forest val_rmse=0.020381 | deploy=optimized | dir_acc=0.4852 | stable=False
2026-07-23 20:56:03,936 | INFO    | stockm.optimization_runner |   COALINDIA.NS     best_tuned=gradient_boosting  cv_rmse=0.018274 deploy=optimized dir_acc=0.4852 stable=False
2026-07-23 20:56:03,936 | INFO    | stockm.optimization.pipeline | === Optimization: M&M.NS | method=random | n_iter=15 | cv=timeseries/3 ===
2026-07-23 20:56:04,700 | INFO    | stockm.optimization.saver | saved optimized M&M.NS / ridge
2026-07-23 20:56:05,639 | INFO    | stockm.optimization.tracker | logged experiment M&M_NS_ridge_random_d7404e2742
2026-07-23 20:56:06,256 | INFO    | stockm.optimization.saver | saved optimized M&M.NS / decision_tree
2026-07-23 20:56:07,313 | INFO    | stockm.optimization.tracker | logged experiment M&M_NS_decision_tree_random_8a5d5a9c4f
2026-07-23 20:56:25,690 | INFO    | stockm.optimization.saver | saved optimized M&M.NS / random_forest
2026-07-23 20:56:43,880 | INFO    | stockm.optimization.tracker | logged experiment M&M_NS_random_forest_random_43901d59a3
2026-07-23 20:56:49,977 | INFO    | stockm.optimization.saver | saved optimized M&M.NS / gradient_boosting
2026-07-23 20:56:52,812 | INFO    | stockm.optimization.tracker | logged experiment M&M_NS_gradient_boosting_random_0c2022aec1
2026-07-23 20:57:10,809 | INFO    | stockm.optimization.saver | saved optimized M&M.NS / xgboost
2026-07-23 20:57:17,772 | INFO    | stockm.optimization.tracker | logged experiment M&M_NS_xgboost_random_406b9b6ae0
2026-07-23 20:57:28,368 | INFO    | stockm.optimization.saver | saved optimized M&M.NS / lightgbm
2026-07-23 20:57:30,915 | INFO    | stockm.optimization.tracker | logged experiment M&M_NS_lightgbm_random_2e2a04d7e9
2026-07-23 20:57:30,970 | INFO    | stockm.optimization.pipeline | M&M.NS done | best_tuned=lightgbm cv_rmse=0.019365 | baseline=random_forest val_rmse=0.021200 | deploy=optimized | dir_acc=0.4748 | stable=False
2026-07-23 20:57:30,973 | INFO    | stockm.optimization_runner |   M&M.NS           best_tuned=lightgbm           cv_rmse=0.019365 deploy=optimized dir_acc=0.4748 stable=False
2026-07-23 20:57:30,973 | INFO    | stockm.optimization.pipeline | === Optimization: TECHM.NS | method=random | n_iter=15 | cv=timeseries/3 ===
2026-07-23 20:57:31,517 | INFO    | stockm.optimization.saver | saved optimized TECHM.NS / ridge
2026-07-23 20:57:32,179 | INFO    | stockm.optimization.tracker | logged experiment TECHM_NS_ridge_random_c0c931821c
2026-07-23 20:57:32,526 | INFO    | stockm.optimization.saver | saved optimized TECHM.NS / decision_tree
2026-07-23 20:57:33,366 | INFO    | stockm.optimization.tracker | logged experiment TECHM_NS_decision_tree_random_3420f212f0
2026-07-23 20:57:49,135 | INFO    | stockm.optimization.saver | saved optimized TECHM.NS / random_forest
2026-07-23 20:58:04,183 | INFO    | stockm.optimization.tracker | logged experiment TECHM_NS_random_forest_random_6b50780d50
2026-07-23 20:58:09,590 | INFO    | stockm.optimization.saver | saved optimized TECHM.NS / gradient_boosting
2026-07-23 20:58:12,058 | INFO    | stockm.optimization.tracker | logged experiment TECHM_NS_gradient_boosting_random_9a93db78a6
2026-07-23 20:58:30,875 | INFO    | stockm.optimization.saver | saved optimized TECHM.NS / xgboost
2026-07-23 20:58:37,799 | INFO    | stockm.optimization.tracker | logged experiment TECHM_NS_xgboost_random_ee037cef08
2026-07-23 20:58:47,289 | INFO    | stockm.optimization.saver | saved optimized TECHM.NS / lightgbm
2026-07-23 20:58:49,662 | INFO    | stockm.optimization.tracker | logged experiment TECHM_NS_lightgbm_random_fdd5d8cfe0
2026-07-23 20:58:49,697 | INFO    | stockm.optimization.pipeline | TECHM.NS done | best_tuned=xgboost cv_rmse=0.019455 | baseline=gradient_boosting val_rmse=0.020145 | deploy=optimized | dir_acc=0.5296 | stable=True
2026-07-23 20:58:49,699 | INFO    | stockm.optimization_runner |   TECHM.NS         best_tuned=xgboost            cv_rmse=0.019455 deploy=optimized dir_acc=0.5296 stable=True
2026-07-23 20:58:49,699 | INFO    | stockm.optimization.pipeline | === Optimization: HDFCLIFE.NS | method=random | n_iter=15 | cv=timeseries/3 ===
2026-07-23 20:58:49,972 | INFO    | stockm.optimization.saver | saved optimized HDFCLIFE.NS / ridge
2026-07-23 20:58:50,389 | INFO    | stockm.optimization.tracker | logged experiment HDFCLIFE_NS_ridge_random_0ccacb5a7b
2026-07-23 20:58:50,572 | INFO    | stockm.optimization.saver | saved optimized HDFCLIFE.NS / decision_tree
2026-07-23 20:58:51,076 | INFO    | stockm.optimization.tracker | logged experiment HDFCLIFE_NS_decision_tree_random_6c10a82f89
2026-07-23 20:58:58,989 | INFO    | stockm.optimization.saver | saved optimized HDFCLIFE.NS / random_forest
2026-07-23 20:59:05,113 | INFO    | stockm.optimization.tracker | logged experiment HDFCLIFE_NS_random_forest_random_0f2ddf4470
2026-07-23 20:59:09,035 | INFO    | stockm.optimization.saver | saved optimized HDFCLIFE.NS / gradient_boosting
2026-07-23 20:59:10,580 | INFO    | stockm.optimization.tracker | logged experiment HDFCLIFE_NS_gradient_boosting_random_a0103aa47c
2026-07-23 20:59:22,704 | INFO    | stockm.optimization.saver | saved optimized HDFCLIFE.NS / xgboost
2026-07-23 20:59:25,943 | INFO    | stockm.optimization.tracker | logged experiment HDFCLIFE_NS_xgboost_random_71cf49694d
2026-07-23 20:59:31,711 | INFO    | stockm.optimization.saver | saved optimized HDFCLIFE.NS / lightgbm
2026-07-23 20:59:32,958 | INFO    | stockm.optimization.tracker | logged experiment HDFCLIFE_NS_lightgbm_random_55dbd1330d
2026-07-23 20:59:33,064 | INFO    | stockm.optimization.pipeline | HDFCLIFE.NS done | best_tuned=random_forest cv_rmse=0.019798 | baseline=linear_regression val_rmse=0.015232 | deploy=optimized | dir_acc=0.5634 | stable=True
2026-07-23 20:59:33,065 | INFO    | stockm.optimization_runner |   HDFCLIFE.NS      best_tuned=random_forest      cv_rmse=0.019798 deploy=optimized dir_acc=0.5634 stable=True
2026-07-23 20:59:33,065 | INFO    | stockm.optimization.pipeline | === Optimization: GRASIM.NS | method=random | n_iter=15 | cv=timeseries/3 ===
2026-07-23 20:59:33,759 | INFO    | stockm.optimization.saver | saved optimized GRASIM.NS / ridge
2026-07-23 20:59:34,422 | INFO    | stockm.optimization.tracker | logged experiment GRASIM_NS_ridge_random_c7c1bc8d9e
2026-07-23 20:59:34,791 | INFO    | stockm.optimization.saver | saved optimized GRASIM.NS / decision_tree
2026-07-23 20:59:35,610 | INFO    | stockm.optimization.tracker | logged experiment GRASIM_NS_decision_tree_random_76f6ecd8a1
2026-07-23 20:59:51,771 | INFO    | stockm.optimization.saver | saved optimized GRASIM.NS / random_forest
2026-07-23 21:00:07,354 | INFO    | stockm.optimization.tracker | logged experiment GRASIM_NS_random_forest_random_ad6c6a048a
2026-07-23 21:00:13,027 | INFO    | stockm.optimization.saver | saved optimized GRASIM.NS / gradient_boosting
2026-07-23 21:00:15,597 | INFO    | stockm.optimization.tracker | logged experiment GRASIM_NS_gradient_boosting_random_f9686bbe44
2026-07-23 21:00:32,293 | INFO    | stockm.optimization.saver | saved optimized GRASIM.NS / xgboost
2026-07-23 21:00:38,775 | INFO    | stockm.optimization.tracker | logged experiment GRASIM_NS_xgboost_random_ca40d83269
2026-07-23 21:00:48,233 | INFO    | stockm.optimization.saver | saved optimized GRASIM.NS / lightgbm
2026-07-23 21:00:50,560 | INFO    | stockm.optimization.tracker | logged experiment GRASIM_NS_lightgbm_random_732aded1f6
2026-07-23 21:00:50,601 | INFO    | stockm.optimization.pipeline | GRASIM.NS done | best_tuned=xgboost cv_rmse=0.018326 | baseline=random_forest val_rmse=0.018517 | deploy=optimized | dir_acc=0.5066 | stable=True
2026-07-23 21:00:50,604 | INFO    | stockm.optimization_runner |   GRASIM.NS        best_tuned=xgboost            cv_rmse=0.018326 deploy=optimized dir_acc=0.5066 stable=True
2026-07-23 21:00:50,604 | INFO    | stockm.optimization.pipeline | === Optimization: DIVISLAB.NS | method=random | n_iter=15 | cv=timeseries/3 ===
2026-07-23 21:00:51,112 | INFO    | stockm.optimization.saver | saved optimized DIVISLAB.NS / ridge
2026-07-23 21:00:51,791 | INFO    | stockm.optimization.tracker | logged experiment DIVISLAB_NS_ridge_random_35640b1846
2026-07-23 21:00:52,339 | INFO    | stockm.optimization.saver | saved optimized DIVISLAB.NS / decision_tree
2026-07-23 21:00:53,183 | INFO    | stockm.optimization.tracker | logged experiment DIVISLAB_NS_decision_tree_random_a6c33be989
2026-07-23 21:01:09,556 | INFO    | stockm.optimization.saver | saved optimized DIVISLAB.NS / random_forest
2026-07-23 21:01:25,116 | INFO    | stockm.optimization.tracker | logged experiment DIVISLAB_NS_random_forest_random_ef89e8d41a
2026-07-23 21:01:31,406 | INFO    | stockm.optimization.saver | saved optimized DIVISLAB.NS / gradient_boosting
2026-07-23 21:01:34,012 | INFO    | stockm.optimization.tracker | logged experiment DIVISLAB_NS_gradient_boosting_random_b4e5d93e18
2026-07-23 21:01:50,788 | INFO    | stockm.optimization.saver | saved optimized DIVISLAB.NS / xgboost
2026-07-23 21:01:57,462 | INFO    | stockm.optimization.tracker | logged experiment DIVISLAB_NS_xgboost_random_10bf964c97
2026-07-23 21:02:07,143 | INFO    | stockm.optimization.saver | saved optimized DIVISLAB.NS / lightgbm
2026-07-23 21:02:09,443 | INFO    | stockm.optimization.tracker | logged experiment DIVISLAB_NS_lightgbm_random_69e8ba80d0
2026-07-23 21:02:09,527 | INFO    | stockm.optimization.pipeline | DIVISLAB.NS done | best_tuned=lightgbm cv_rmse=0.019017 | baseline=gradient_boosting val_rmse=0.020639 | deploy=optimized | dir_acc=0.5107 | stable=True
2026-07-23 21:02:09,529 | INFO    | stockm.optimization_runner |   DIVISLAB.NS      best_tuned=lightgbm           cv_rmse=0.019017 deploy=optimized dir_acc=0.5107 stable=True
2026-07-23 21:02:09,529 | INFO    | stockm.optimization.pipeline | === Optimization: DRREDDY.NS | method=random | n_iter=15 | cv=timeseries/3 ===
2026-07-23 21:02:09,949 | INFO    | stockm.optimization.saver | saved optimized DRREDDY.NS / ridge
2026-07-23 21:02:10,644 | INFO    | stockm.optimization.tracker | logged experiment DRREDDY_NS_ridge_random_e8260108ba
2026-07-23 21:02:11,025 | INFO    | stockm.optimization.saver | saved optimized DRREDDY.NS / decision_tree
2026-07-23 21:02:11,949 | INFO    | stockm.optimization.tracker | logged experiment DRREDDY_NS_decision_tree_random_3f31990e62
2026-07-23 21:02:34,419 | INFO    | stockm.optimization.saver | saved optimized DRREDDY.NS / random_forest
2026-07-23 21:02:51,728 | INFO    | stockm.optimization.tracker | logged experiment DRREDDY_NS_random_forest_random_e0246defdf
2026-07-23 21:02:57,878 | INFO    | stockm.optimization.saver | saved optimized DRREDDY.NS / gradient_boosting
2026-07-23 21:03:00,653 | INFO    | stockm.optimization.tracker | logged experiment DRREDDY_NS_gradient_boosting_random_fec0fd5e61
2026-07-23 21:03:18,360 | INFO    | stockm.optimization.saver | saved optimized DRREDDY.NS / xgboost
2026-07-23 21:03:25,689 | INFO    | stockm.optimization.tracker | logged experiment DRREDDY_NS_xgboost_random_c2a5ba3d69
2026-07-23 21:03:36,552 | INFO    | stockm.optimization.saver | saved optimized DRREDDY.NS / lightgbm
2026-07-23 21:03:39,294 | INFO    | stockm.optimization.tracker | logged experiment DRREDDY_NS_lightgbm_random_676ffaf791
2026-07-23 21:03:39,353 | INFO    | stockm.optimization.pipeline | DRREDDY.NS done | best_tuned=lightgbm cv_rmse=0.017034 | baseline=linear_regression val_rmse=0.016720 | deploy=optimized | dir_acc=0.4754 | stable=False
2026-07-23 21:03:39,355 | INFO    | stockm.optimization_runner |   DRREDDY.NS       best_tuned=lightgbm           cv_rmse=0.017034 deploy=optimized dir_acc=0.4754 stable=False
2026-07-23 21:03:39,355 | INFO    | stockm.optimization.pipeline | === Optimization: CIPLA.NS | method=random | n_iter=15 | cv=timeseries/3 ===
2026-07-23 21:03:40,106 | INFO    | stockm.optimization.saver | saved optimized CIPLA.NS / ridge
2026-07-23 21:03:40,861 | INFO    | stockm.optimization.tracker | logged experiment CIPLA_NS_ridge_random_1af243268c
2026-07-23 21:03:41,413 | INFO    | stockm.optimization.saver | saved optimized CIPLA.NS / decision_tree
2026-07-23 21:03:42,331 | INFO    | stockm.optimization.tracker | logged experiment CIPLA_NS_decision_tree_random_d8a9eb0161
2026-07-23 21:04:00,066 | INFO    | stockm.optimization.saver | saved optimized CIPLA.NS / random_forest
2026-07-23 21:04:16,871 | INFO    | stockm.optimization.tracker | logged experiment CIPLA_NS_random_forest_random_f89b244c88
2026-07-23 21:04:23,744 | INFO    | stockm.optimization.saver | saved optimized CIPLA.NS / gradient_boosting
2026-07-23 21:04:26,660 | INFO    | stockm.optimization.tracker | logged experiment CIPLA_NS_gradient_boosting_random_4166c7f43e
2026-07-23 21:04:45,986 | INFO    | stockm.optimization.saver | saved optimized CIPLA.NS / xgboost
2026-07-23 21:04:53,578 | INFO    | stockm.optimization.tracker | logged experiment CIPLA_NS_xgboost_random_5b587f880a
2026-07-23 21:05:03,864 | INFO    | stockm.optimization.saver | saved optimized CIPLA.NS / lightgbm
2026-07-23 21:05:06,623 | INFO    | stockm.optimization.tracker | logged experiment CIPLA_NS_lightgbm_random_cfc6a3eb2e
2026-07-23 21:05:06,693 | INFO    | stockm.optimization.pipeline | CIPLA.NS done | best_tuned=lightgbm cv_rmse=0.016530 | baseline=random_forest val_rmse=0.016861 | deploy=optimized | dir_acc=0.5040 | stable=False
2026-07-23 21:05:06,695 | INFO    | stockm.optimization_runner |   CIPLA.NS         best_tuned=lightgbm           cv_rmse=0.016530 deploy=optimized dir_acc=0.5040 stable=False
2026-07-23 21:05:06,696 | INFO    | stockm.optimization.pipeline | === Optimization: ADANIPORTS.NS | method=random | n_iter=15 | cv=timeseries/3 ===
2026-07-23 21:05:07,330 | INFO    | stockm.optimization.saver | saved optimized ADANIPORTS.NS / ridge
2026-07-23 21:05:07,840 | INFO    | stockm.optimization.tracker | logged experiment ADANIPORTS_NS_ridge_random_1bd88c532d
2026-07-23 21:05:08,093 | INFO    | stockm.optimization.saver | saved optimized ADANIPORTS.NS / decision_tree
2026-07-23 21:05:08,922 | INFO    | stockm.optimization.tracker | logged experiment ADANIPORTS_NS_decision_tree_random_7bbe47f2e4
2026-07-23 21:05:28,450 | INFO    | stockm.optimization.saver | saved optimized ADANIPORTS.NS / random_forest
2026-07-23 21:05:42,434 | INFO    | stockm.optimization.tracker | logged experiment ADANIPORTS_NS_random_forest_random_ef231143ad
2026-07-23 21:05:49,179 | INFO    | stockm.optimization.saver | saved optimized ADANIPORTS.NS / gradient_boosting
2026-07-23 21:05:51,729 | INFO    | stockm.optimization.tracker | logged experiment ADANIPORTS_NS_gradient_boosting_random_d6d01cfe8c
2026-07-23 21:06:08,306 | INFO    | stockm.optimization.saver | saved optimized ADANIPORTS.NS / xgboost
2026-07-23 21:06:14,572 | INFO    | stockm.optimization.tracker | logged experiment ADANIPORTS_NS_xgboost_random_f82e7310de
2026-07-23 21:06:24,517 | INFO    | stockm.optimization.saver | saved optimized ADANIPORTS.NS / lightgbm
2026-07-23 21:06:26,818 | INFO    | stockm.optimization.tracker | logged experiment ADANIPORTS_NS_lightgbm_random_48c6c4f273
2026-07-23 21:06:26,876 | INFO    | stockm.optimization.pipeline | ADANIPORTS.NS done | best_tuned=lightgbm cv_rmse=0.024101 | baseline=random_forest val_rmse=0.027706 | deploy=optimized | dir_acc=0.5163 | stable=False
2026-07-23 21:06:26,878 | INFO    | stockm.optimization_runner |   ADANIPORTS.NS    best_tuned=lightgbm           cv_rmse=0.024101 deploy=optimized dir_acc=0.5163 stable=False
2026-07-23 21:06:26,878 | INFO    | stockm.optimization.pipeline | === Optimization: ADANIENT.NS | method=random | n_iter=15 | cv=timeseries/3 ===
2026-07-23 21:06:27,624 | INFO    | stockm.optimization.saver | saved optimized ADANIENT.NS / ridge
2026-07-23 21:06:28,289 | INFO    | stockm.optimization.tracker | logged experiment ADANIENT_NS_ridge_random_1d294db6a9
2026-07-23 21:06:28,698 | INFO    | stockm.optimization.saver | saved optimized ADANIENT.NS / decision_tree
2026-07-23 21:06:29,800 | INFO    | stockm.optimization.tracker | logged experiment ADANIENT_NS_decision_tree_random_4ef87508bc
2026-07-23 21:06:46,915 | INFO    | stockm.optimization.saver | saved optimized ADANIENT.NS / random_forest
2026-07-23 21:07:03,616 | INFO    | stockm.optimization.tracker | logged experiment ADANIENT_NS_random_forest_random_3a535a60d9
2026-07-23 21:07:11,136 | INFO    | stockm.optimization.saver | saved optimized ADANIENT.NS / gradient_boosting
2026-07-23 21:07:14,049 | INFO    | stockm.optimization.tracker | logged experiment ADANIENT_NS_gradient_boosting_random_6cda27b15a
2026-07-23 21:07:34,011 | INFO    | stockm.optimization.saver | saved optimized ADANIENT.NS / xgboost
2026-07-23 21:07:41,932 | INFO    | stockm.optimization.tracker | logged experiment ADANIENT_NS_xgboost_random_9918ab7cb9
2026-07-23 21:07:52,345 | INFO    | stockm.optimization.saver | saved optimized ADANIENT.NS / lightgbm
2026-07-23 21:07:54,885 | INFO    | stockm.optimization.tracker | logged experiment ADANIENT_NS_lightgbm_random_0d996671a5
2026-07-23 21:07:54,914 | INFO    | stockm.optimization.pipeline | ADANIENT.NS done | best_tuned=xgboost cv_rmse=0.032337 | baseline=random_forest val_rmse=0.041585 | deploy=optimized | dir_acc=0.5033 | stable=False
2026-07-23 21:07:54,916 | INFO    | stockm.optimization_runner |   ADANIENT.NS      best_tuned=xgboost            cv_rmse=0.032337 deploy=optimized dir_acc=0.5033 stable=False
2026-07-23 21:07:54,916 | INFO    | stockm.optimization.pipeline | === Optimization: EICHERMOT.NS | method=random | n_iter=15 | cv=timeseries/3 ===
2026-07-23 21:07:55,433 | INFO    | stockm.optimization.saver | saved optimized EICHERMOT.NS / ridge
2026-07-23 21:07:56,256 | INFO    | stockm.optimization.tracker | logged experiment EICHERMOT_NS_ridge_random_738f14b2f9
2026-07-23 21:07:56,775 | INFO    | stockm.optimization.saver | saved optimized EICHERMOT.NS / decision_tree
2026-07-23 21:07:57,795 | INFO    | stockm.optimization.tracker | logged experiment EICHERMOT_NS_decision_tree_random_a3ec44c3b3
2026-07-23 21:08:10,908 | INFO    | stockm.optimization.saver | saved optimized EICHERMOT.NS / random_forest
2026-07-23 21:08:22,252 | INFO    | stockm.optimization.tracker | logged experiment EICHERMOT_NS_random_forest_random_ce808ca1a7
2026-07-23 21:08:28,191 | INFO    | stockm.optimization.saver | saved optimized EICHERMOT.NS / gradient_boosting
2026-07-23 21:08:30,260 | INFO    | stockm.optimization.tracker | logged experiment EICHERMOT_NS_gradient_boosting_random_2d7ff820ff
2026-07-23 21:08:47,196 | INFO    | stockm.optimization.saver | saved optimized EICHERMOT.NS / xgboost
2026-07-23 21:08:54,616 | INFO    | stockm.optimization.tracker | logged experiment EICHERMOT_NS_xgboost_random_ecfe6a1476
2026-07-23 21:09:05,837 | INFO    | stockm.optimization.saver | saved optimized EICHERMOT.NS / lightgbm
2026-07-23 21:09:08,529 | INFO    | stockm.optimization.tracker | logged experiment EICHERMOT_NS_lightgbm_random_422e0d659c
2026-07-23 21:09:08,652 | INFO    | stockm.optimization.pipeline | EICHERMOT.NS done | best_tuned=random_forest cv_rmse=0.021494 | baseline=linear_regression val_rmse=0.019678 | deploy=optimized | dir_acc=0.5146 | stable=True
2026-07-23 21:09:08,654 | INFO    | stockm.optimization_runner |   EICHERMOT.NS     best_tuned=random_forest      cv_rmse=0.021494 deploy=optimized dir_acc=0.5146 stable=True
2026-07-23 21:09:08,654 | INFO    | stockm.optimization.pipeline | === Optimization: HEROMOTOCO.NS | method=random | n_iter=15 | cv=timeseries/3 ===
2026-07-23 21:09:09,209 | INFO    | stockm.optimization.saver | saved optimized HEROMOTOCO.NS / ridge
2026-07-23 21:09:09,987 | INFO    | stockm.optimization.tracker | logged experiment HEROMOTOCO_NS_ridge_random_9b64746fce
2026-07-23 21:09:10,549 | INFO    | stockm.optimization.saver | saved optimized HEROMOTOCO.NS / decision_tree
2026-07-23 21:09:11,249 | INFO    | stockm.optimization.tracker | logged experiment HEROMOTOCO_NS_decision_tree_random_5b25e13118
2026-07-23 21:09:24,089 | INFO    | stockm.optimization.saver | saved optimized HEROMOTOCO.NS / random_forest
2026-07-23 21:09:35,111 | INFO    | stockm.optimization.tracker | logged experiment HEROMOTOCO_NS_random_forest_random_338b0a8250
2026-07-23 21:09:40,695 | INFO    | stockm.optimization.saver | saved optimized HEROMOTOCO.NS / gradient_boosting
2026-07-23 21:09:43,031 | INFO    | stockm.optimization.tracker | logged experiment HEROMOTOCO_NS_gradient_boosting_random_5beb8f00a2
2026-07-23 21:10:00,962 | INFO    | stockm.optimization.saver | saved optimized HEROMOTOCO.NS / xgboost
2026-07-23 21:10:08,087 | INFO    | stockm.optimization.tracker | logged experiment HEROMOTOCO_NS_xgboost_random_f8f8a07ca9
2026-07-23 21:10:18,107 | INFO    | stockm.optimization.saver | saved optimized HEROMOTOCO.NS / lightgbm
2026-07-23 21:10:20,679 | INFO    | stockm.optimization.tracker | logged experiment HEROMOTOCO_NS_lightgbm_random_4722e66f7b
2026-07-23 21:10:20,759 | INFO    | stockm.optimization.pipeline | HEROMOTOCO.NS done | best_tuned=gradient_boosting cv_rmse=0.018292 | baseline=linear_regression val_rmse=0.017699 | deploy=optimized | dir_acc=0.4841 | stable=False
2026-07-23 21:10:20,762 | INFO    | stockm.optimization_runner |   HEROMOTOCO.NS    best_tuned=gradient_boosting  cv_rmse=0.018292 deploy=optimized dir_acc=0.4841 stable=False
2026-07-23 21:10:20,763 | INFO    | stockm.optimization.pipeline | === Optimization: BAJAJ-AUTO.NS | method=random | n_iter=15 | cv=timeseries/3 ===
2026-07-23 21:10:21,332 | INFO    | stockm.optimization.saver | saved optimized BAJAJ-AUTO.NS / ridge
2026-07-23 21:10:22,070 | INFO    | stockm.optimization.tracker | logged experiment BAJAJ-AUTO_NS_ridge_random_984366ad5a
2026-07-23 21:10:22,555 | INFO    | stockm.optimization.saver | saved optimized BAJAJ-AUTO.NS / decision_tree
2026-07-23 21:10:23,402 | INFO    | stockm.optimization.tracker | logged experiment BAJAJ-AUTO_NS_decision_tree_random_b3b0361c8f
2026-07-23 21:10:39,454 | INFO    | stockm.optimization.saver | saved optimized BAJAJ-AUTO.NS / random_forest
2026-07-23 21:10:54,505 | INFO    | stockm.optimization.tracker | logged experiment BAJAJ-AUTO_NS_random_forest_random_0ae3ee01c8
2026-07-23 21:11:00,680 | INFO    | stockm.optimization.saver | saved optimized BAJAJ-AUTO.NS / gradient_boosting
2026-07-23 21:11:03,286 | INFO    | stockm.optimization.tracker | logged experiment BAJAJ-AUTO_NS_gradient_boosting_random_fe171bf432
2026-07-23 21:11:20,301 | INFO    | stockm.optimization.saver | saved optimized BAJAJ-AUTO.NS / xgboost
2026-07-23 21:11:26,879 | INFO    | stockm.optimization.tracker | logged experiment BAJAJ-AUTO_NS_xgboost_random_4cbbaf2c47
2026-07-23 21:11:36,315 | INFO    | stockm.optimization.saver | saved optimized BAJAJ-AUTO.NS / lightgbm
2026-07-23 21:11:38,563 | INFO    | stockm.optimization.tracker | logged experiment BAJAJ-AUTO_NS_lightgbm_random_320f1a8a2a
2026-07-23 21:11:38,649 | INFO    | stockm.optimization.pipeline | BAJAJ-AUTO.NS done | best_tuned=lightgbm cv_rmse=0.016844 | baseline=linear_regression val_rmse=0.016481 | deploy=optimized | dir_acc=0.4766 | stable=False
2026-07-23 21:11:38,651 | INFO    | stockm.optimization_runner |   BAJAJ-AUTO.NS    best_tuned=lightgbm           cv_rmse=0.016844 deploy=optimized dir_acc=0.4766 stable=False
2026-07-23 21:11:38,651 | INFO    | stockm.optimization.pipeline | === Optimization: BRITANNIA.NS | method=random | n_iter=15 | cv=timeseries/3 ===
2026-07-23 21:11:39,136 | INFO    | stockm.optimization.saver | saved optimized BRITANNIA.NS / ridge
2026-07-23 21:11:39,847 | INFO    | stockm.optimization.tracker | logged experiment BRITANNIA_NS_ridge_random_fef6b840d9
2026-07-23 21:11:40,226 | INFO    | stockm.optimization.saver | saved optimized BRITANNIA.NS / decision_tree
2026-07-23 21:11:41,261 | INFO    | stockm.optimization.tracker | logged experiment BRITANNIA_NS_decision_tree_random_06b8723879
2026-07-23 21:12:07,628 | INFO    | stockm.optimization.saver | saved optimized BRITANNIA.NS / random_forest
2026-07-23 21:12:23,215 | INFO    | stockm.optimization.tracker | logged experiment BRITANNIA_NS_random_forest_random_67aaac6831
2026-07-23 21:12:30,409 | INFO    | stockm.optimization.saver | saved optimized BRITANNIA.NS / gradient_boosting
2026-07-23 21:12:33,006 | INFO    | stockm.optimization.tracker | logged experiment BRITANNIA_NS_gradient_boosting_random_af233c6306
2026-07-23 21:12:51,473 | INFO    | stockm.optimization.saver | saved optimized BRITANNIA.NS / xgboost
2026-07-23 21:12:56,456 | INFO    | stockm.optimization.tracker | logged experiment BRITANNIA_NS_xgboost_random_c9ecc8e7ee
